Archive member included to satisfy reference by file (symbol)

c:/program files (x86)/atmel/studio/7.0/toolchain/avr8/avr8-gnu-toolchain/bin/../lib/gcc/avr/4.9.2/../../../../avr/lib/avr6\libm.a(addsf3.o)
                              Sketch.o (__subsf3)
c:/program files (x86)/atmel/studio/7.0/toolchain/avr8/avr8-gnu-toolchain/bin/../lib/gcc/avr/4.9.2/../../../../avr/lib/avr6\libm.a(addsf3x.o)
                              c:/program files (x86)/atmel/studio/7.0/toolchain/avr8/avr8-gnu-toolchain/bin/../lib/gcc/avr/4.9.2/../../../../avr/lib/avr6\libm.a(addsf3.o) (__addsf3x)
c:/program files (x86)/atmel/studio/7.0/toolchain/avr8/avr8-gnu-toolchain/bin/../lib/gcc/avr/4.9.2/../../../../avr/lib/avr6\libm.a(atan2.o)
                              Sketch.o (atan2)
c:/program files (x86)/atmel/studio/7.0/toolchain/avr8/avr8-gnu-toolchain/bin/../lib/gcc/avr/4.9.2/../../../../avr/lib/avr6\libm.a(atan.o)
                              c:/program files (x86)/atmel/studio/7.0/toolchain/avr8/avr8-gnu-toolchain/bin/../lib/gcc/avr/4.9.2/../../../../avr/lib/avr6\libm.a(atan2.o) (atan)
c:/program files (x86)/atmel/studio/7.0/toolchain/avr8/avr8-gnu-toolchain/bin/../lib/gcc/avr/4.9.2/../../../../avr/lib/avr6\libm.a(cmpsf2.o)
                              Sketch.o (__eqsf2)
c:/program files (x86)/atmel/studio/7.0/toolchain/avr8/avr8-gnu-toolchain/bin/../lib/gcc/avr/4.9.2/../../../../avr/lib/avr6\libm.a(divsf3.o)
                              Sketch.o (__divsf3)
c:/program files (x86)/atmel/studio/7.0/toolchain/avr8/avr8-gnu-toolchain/bin/../lib/gcc/avr/4.9.2/../../../../avr/lib/avr6\libm.a(divsf3x.o)
                              c:/program files (x86)/atmel/studio/7.0/toolchain/avr8/avr8-gnu-toolchain/bin/../lib/gcc/avr/4.9.2/../../../../avr/lib/avr6\libm.a(divsf3.o) (__divsf3x)
c:/program files (x86)/atmel/studio/7.0/toolchain/avr8/avr8-gnu-toolchain/bin/../lib/gcc/avr/4.9.2/../../../../avr/lib/avr6\libm.a(fixsfsi.o)
                              Sketch.o (__fixsfsi)
c:/program files (x86)/atmel/studio/7.0/toolchain/avr8/avr8-gnu-toolchain/bin/../lib/gcc/avr/4.9.2/../../../../avr/lib/avr6\libm.a(fixunssfsi.o)
                              c:/program files (x86)/atmel/studio/7.0/toolchain/avr8/avr8-gnu-toolchain/bin/../lib/gcc/avr/4.9.2/../../../../avr/lib/avr6\libm.a(fixsfsi.o) (__fixunssfsi)
c:/program files (x86)/atmel/studio/7.0/toolchain/avr8/avr8-gnu-toolchain/bin/../lib/gcc/avr/4.9.2/../../../../avr/lib/avr6\libm.a(floatsisf.o)
                              accelero_ADXL/accelero_ADXL.o (__floatsisf)
c:/program files (x86)/atmel/studio/7.0/toolchain/avr8/avr8-gnu-toolchain/bin/../lib/gcc/avr/4.9.2/../../../../avr/lib/avr6\libm.a(fp_cmp.o)
                              c:/program files (x86)/atmel/studio/7.0/toolchain/avr8/avr8-gnu-toolchain/bin/../lib/gcc/avr/4.9.2/../../../../avr/lib/avr6\libm.a(cmpsf2.o) (__fp_cmp)
c:/program files (x86)/atmel/studio/7.0/toolchain/avr8/avr8-gnu-toolchain/bin/../lib/gcc/avr/4.9.2/../../../../avr/lib/avr6\libm.a(fp_inf.o)
                              c:/program files (x86)/atmel/studio/7.0/toolchain/avr8/avr8-gnu-toolchain/bin/../lib/gcc/avr/4.9.2/../../../../avr/lib/avr6\libm.a(addsf3x.o) (__fp_inf)
c:/program files (x86)/atmel/studio/7.0/toolchain/avr8/avr8-gnu-toolchain/bin/../lib/gcc/avr/4.9.2/../../../../avr/lib/avr6\libm.a(fp_nan.o)
                              c:/program files (x86)/atmel/studio/7.0/toolchain/avr8/avr8-gnu-toolchain/bin/../lib/gcc/avr/4.9.2/../../../../avr/lib/avr6\libm.a(addsf3x.o) (__fp_nan)
c:/program files (x86)/atmel/studio/7.0/toolchain/avr8/avr8-gnu-toolchain/bin/../lib/gcc/avr/4.9.2/../../../../avr/lib/avr6\libm.a(fp_powser.o)
                              c:/program files (x86)/atmel/studio/7.0/toolchain/avr8/avr8-gnu-toolchain/bin/../lib/gcc/avr/4.9.2/../../../../avr/lib/avr6\libm.a(atan.o) (__fp_powser)
c:/program files (x86)/atmel/studio/7.0/toolchain/avr8/avr8-gnu-toolchain/bin/../lib/gcc/avr/4.9.2/../../../../avr/lib/avr6\libm.a(fp_pscA.o)
                              c:/program files (x86)/atmel/studio/7.0/toolchain/avr8/avr8-gnu-toolchain/bin/../lib/gcc/avr/4.9.2/../../../../avr/lib/avr6\libm.a(addsf3x.o) (__fp_pscA)
c:/program files (x86)/atmel/studio/7.0/toolchain/avr8/avr8-gnu-toolchain/bin/../lib/gcc/avr/4.9.2/../../../../avr/lib/avr6\libm.a(fp_pscB.o)
                              c:/program files (x86)/atmel/studio/7.0/toolchain/avr8/avr8-gnu-toolchain/bin/../lib/gcc/avr/4.9.2/../../../../avr/lib/avr6\libm.a(addsf3x.o) (__fp_pscB)
c:/program files (x86)/atmel/studio/7.0/toolchain/avr8/avr8-gnu-toolchain/bin/../lib/gcc/avr/4.9.2/../../../../avr/lib/avr6\libm.a(fp_round.o)
                              c:/program files (x86)/atmel/studio/7.0/toolchain/avr8/avr8-gnu-toolchain/bin/../lib/gcc/avr/4.9.2/../../../../avr/lib/avr6\libm.a(addsf3.o) (__fp_round)
c:/program files (x86)/atmel/studio/7.0/toolchain/avr8/avr8-gnu-toolchain/bin/../lib/gcc/avr/4.9.2/../../../../avr/lib/avr6\libm.a(fp_split3.o)
                              c:/program files (x86)/atmel/studio/7.0/toolchain/avr8/avr8-gnu-toolchain/bin/../lib/gcc/avr/4.9.2/../../../../avr/lib/avr6\libm.a(addsf3x.o) (__fp_split3)
c:/program files (x86)/atmel/studio/7.0/toolchain/avr8/avr8-gnu-toolchain/bin/../lib/gcc/avr/4.9.2/../../../../avr/lib/avr6\libm.a(fp_zero.o)
                              c:/program files (x86)/atmel/studio/7.0/toolchain/avr8/avr8-gnu-toolchain/bin/../lib/gcc/avr/4.9.2/../../../../avr/lib/avr6\libm.a(addsf3x.o) (__fp_zero)
c:/program files (x86)/atmel/studio/7.0/toolchain/avr8/avr8-gnu-toolchain/bin/../lib/gcc/avr/4.9.2/../../../../avr/lib/avr6\libm.a(gesf2.o)
                              Sketch.o (__gtsf2)
c:/program files (x86)/atmel/studio/7.0/toolchain/avr8/avr8-gnu-toolchain/bin/../lib/gcc/avr/4.9.2/../../../../avr/lib/avr6\libm.a(inverse.o)
                              c:/program files (x86)/atmel/studio/7.0/toolchain/avr8/avr8-gnu-toolchain/bin/../lib/gcc/avr/4.9.2/../../../../avr/lib/avr6\libm.a(atan.o) (inverse)
c:/program files (x86)/atmel/studio/7.0/toolchain/avr8/avr8-gnu-toolchain/bin/../lib/gcc/avr/4.9.2/../../../../avr/lib/avr6\libm.a(mulsf3.o)
                              accelero_ADXL/accelero_ADXL.o (__mulsf3)
c:/program files (x86)/atmel/studio/7.0/toolchain/avr8/avr8-gnu-toolchain/bin/../lib/gcc/avr/4.9.2/../../../../avr/lib/avr6\libm.a(mulsf3x.o)
                              c:/program files (x86)/atmel/studio/7.0/toolchain/avr8/avr8-gnu-toolchain/bin/../lib/gcc/avr/4.9.2/../../../../avr/lib/avr6\libm.a(atan.o) (__mulsf3x)
c:/program files (x86)/atmel/studio/7.0/toolchain/avr8/avr8-gnu-toolchain/bin/../lib/gcc/avr/4.9.2/../../../../avr/lib/avr6\libm.a(square.o)
                              c:/program files (x86)/atmel/studio/7.0/toolchain/avr8/avr8-gnu-toolchain/bin/../lib/gcc/avr/4.9.2/../../../../avr/lib/avr6\libm.a(atan.o) (square)
C:\Users\Shaktimaan\Documents\balance_bot_control\balance_bot_control\ArduinoCore\Debug\libArduinoCore.a(HardwareSerial.o)
                              Sketch.o (_ZN14HardwareSerial9availableEv)
C:\Users\Shaktimaan\Documents\balance_bot_control\balance_bot_control\ArduinoCore\Debug\libArduinoCore.a(HardwareSerial0.o)
                              Sketch.o (Serial)
C:\Users\Shaktimaan\Documents\balance_bot_control\balance_bot_control\ArduinoCore\Debug\libArduinoCore.a(HardwareSerial1.o)
                              SCILAB/SCILAB.o (Serial1)
C:\Users\Shaktimaan\Documents\balance_bot_control\balance_bot_control\ArduinoCore\Debug\libArduinoCore.a(Print.o)
                              SCILAB/SCILAB.o (_ZN5Print5writeEPKhj)
C:\Users\Shaktimaan\Documents\balance_bot_control\balance_bot_control\ArduinoCore\Debug\libArduinoCore.a(abi.o)
                              C:\Users\Shaktimaan\Documents\balance_bot_control\balance_bot_control\ArduinoCore\Debug\libArduinoCore.a(Print.o) (__cxa_pure_virtual)
c:/program files (x86)/atmel/studio/7.0/toolchain/avr8/avr8-gnu-toolchain/bin/../lib/gcc/avr/4.9.2/../../../../avr/lib/avr6\libm.a(unordsf2.o)
                              C:\Users\Shaktimaan\Documents\balance_bot_control\balance_bot_control\ArduinoCore\Debug\libArduinoCore.a(Print.o) (__unordsf2)
c:/program files (x86)/atmel/studio/7.0/toolchain/avr8/avr8-gnu-toolchain/bin/../lib/gcc/avr/4.9.2/avr6\libgcc.a(_udivmodsi4.o)
                              C:\Users\Shaktimaan\Documents\balance_bot_control\balance_bot_control\ArduinoCore\Debug\libArduinoCore.a(HardwareSerial.o) (__udivmodsi4)
c:/program files (x86)/atmel/studio/7.0/toolchain/avr8/avr8-gnu-toolchain/bin/../lib/gcc/avr/4.9.2/avr6\libgcc.a(_exit.o)
                              C:/Program Files (x86)/Atmel/Studio/7.0/Packs/atmel/ATmega_DFP/1.0.106/gcc/dev/atmega2560/avr6/crtatmega2560.o (exit)
c:/program files (x86)/atmel/studio/7.0/toolchain/avr8/avr8-gnu-toolchain/bin/../lib/gcc/avr/4.9.2/avr6\libgcc.a(_copy_data.o)
                              SCILAB/SCILAB.o (__do_copy_data)
c:/program files (x86)/atmel/studio/7.0/toolchain/avr8/avr8-gnu-toolchain/bin/../lib/gcc/avr/4.9.2/avr6\libgcc.a(_clear_bss.o)
                              SCILAB/SCILAB.o (__do_clear_bss)
c:/program files (x86)/atmel/studio/7.0/toolchain/avr8/avr8-gnu-toolchain/bin/../lib/gcc/avr/4.9.2/avr6\libgcc.a(_ctors.o)
                              C:\Users\Shaktimaan\Documents\balance_bot_control\balance_bot_control\ArduinoCore\Debug\libArduinoCore.a(HardwareSerial0.o) (__do_global_ctors)
c:/program files (x86)/atmel/studio/7.0/toolchain/avr8/avr8-gnu-toolchain/bin/../lib/gcc/avr/4.9.2/avr6\libgcc.a(_tablejump2.o)
                              c:/program files (x86)/atmel/studio/7.0/toolchain/avr8/avr8-gnu-toolchain/bin/../lib/gcc/avr/4.9.2/avr6\libgcc.a(_ctors.o) (__tablejump2__)
c:/program files (x86)/atmel/studio/7.0/toolchain/avr8/avr8-gnu-toolchain/bin/../lib/gcc/avr/4.9.2/../../../../avr/lib/avr6\libc.a(abort.o)
                              C:\Users\Shaktimaan\Documents\balance_bot_control\balance_bot_control\ArduinoCore\Debug\libArduinoCore.a(abi.o) (abort)

Discarded input sections

 .data          0x00000000        0x0 C:/Program Files (x86)/Atmel/Studio/7.0/Packs/atmel/ATmega_DFP/1.0.106/gcc/dev/atmega2560/avr6/crtatmega2560.o
 .bss           0x00000000        0x0 C:/Program Files (x86)/Atmel/Studio/7.0/Packs/atmel/ATmega_DFP/1.0.106/gcc/dev/atmega2560/avr6/crtatmega2560.o
 .text          0x00000000        0x0 accelero_ADXL/accelero_ADXL.o
 .data          0x00000000        0x0 accelero_ADXL/accelero_ADXL.o
 .bss           0x00000000        0x0 accelero_ADXL/accelero_ADXL.o
 .text._Z9get_acc_yv
                0x00000000       0x5a accelero_ADXL/accelero_ADXL.o
 .text._Z11get_acc_allPfS_S_
                0x00000000       0xe4 accelero_ADXL/accelero_ADXL.o
 .text          0x00000000        0x0 gyro_L3G/gyro_L3G.o
 .data          0x00000000        0x0 gyro_L3G/gyro_L3G.o
 .bss           0x00000000        0x0 gyro_L3G/gyro_L3G.o
 .text._Z11get_omega_xv
                0x00000000       0x5a gyro_L3G/gyro_L3G.o
 .text._Z11get_omega_zv
                0x00000000       0x5a gyro_L3G/gyro_L3G.o
 .text._Z13get_omega_allPfS_S_
                0x00000000       0xe4 gyro_L3G/gyro_L3G.o
 .text          0x00000000        0x0 I2C/i2c_lib.o
 .data          0x00000000        0x0 I2C/i2c_lib.o
 .bss           0x00000000        0x0 I2C/i2c_lib.o
 .text._Z13i2c_getstatusv
                0x00000000        0x8 I2C/i2c_lib.o
 .text._Z9i2c_writeh
                0x00000000        0x6 I2C/i2c_lib.o
 .text._Z7i2c_getPa
                0x00000000        0xa I2C/i2c_lib.o
 .text._Z19i2c_read_multi_bytehhtPa
                0x00000000      0x12a I2C/i2c_lib.o
 .text          0x00000000        0x0 SCILAB/SCILAB.o
 .data          0x00000000        0x0 SCILAB/SCILAB.o
 .bss           0x00000000        0x0 SCILAB/SCILAB.o
 .rodata        0x00000000      0x200 SCILAB/SCILAB.o
 .text._Z14base64comm_crcth
                0x00000000       0x5e SCILAB/SCILAB.o
 .text._Z17binarysource_initP12binarysourcePht
                0x00000000       0x14 SCILAB/SCILAB.o
 .text._Z26binarysource_putnextbase64P12binarysourceh
                0x00000000      0x11e SCILAB/SCILAB.o
 .text._Z26binarysource_getnextbase64P12binarysourcePh
                0x00000000      0x11c SCILAB/SCILAB.o
 .text._Z22binarysource_getlengthP12binarysource
                0x00000000        0x8 SCILAB/SCILAB.o
 .text._Z15send_data_frameP7txFrame
                0x00000000       0xec SCILAB/SCILAB.o
 .text._Z18recieve_data_frameP7rxFrame
                0x00000000       0xda SCILAB/SCILAB.o
 .bss._ZZ15send_data_frameP7txFrameE8txbuffer
                0x00000000       0x64 SCILAB/SCILAB.o
 .rodata._ZZ26binarysource_getnextbase64P12binarysourcePhE6base64
                0x00000000       0x41 SCILAB/SCILAB.o
 .bss.ptr       0x00000000        0x2 SCILAB/SCILAB.o
 .bss.crc       0x00000000        0x2 SCILAB/SCILAB.o
 .bss.data      0x00000000        0x4 SCILAB/SCILAB.o
 .bss._ZL9txcounter
                0x00000000        0x1 SCILAB/SCILAB.o
 .bss._ZL8txsource
                0x00000000        0x8 SCILAB/SCILAB.o
 .bss._ZL8rxsource
                0x00000000        0x8 SCILAB/SCILAB.o
 .debug_info    0x00000000      0x966 SCILAB/SCILAB.o
 .debug_abbrev  0x00000000      0x35d SCILAB/SCILAB.o
 .debug_loc     0x00000000      0x785 SCILAB/SCILAB.o
 .debug_aranges
                0x00000000       0x50 SCILAB/SCILAB.o
 .debug_ranges  0x00000000       0x58 SCILAB/SCILAB.o
 .debug_line    0x00000000      0x54f SCILAB/SCILAB.o
 .debug_str     0x00000000      0x5c3 SCILAB/SCILAB.o
 .comment       0x00000000       0x31 SCILAB/SCILAB.o
 .debug_frame   0x00000000       0xfc SCILAB/SCILAB.o
 .text          0x00000000        0x0 Sketch.o
 .data          0x00000000        0x0 Sketch.o
 .bss           0x00000000        0x0 Sketch.o
 .text._Z8uart1_txc
                0x00000000        0xe Sketch.o
 .text._Z8uart1_rxv
                0x00000000        0xe Sketch.o
 .text._Z8velocityhh
                0x00000000        0xa Sketch.o
 .text._Z4backv
                0x00000000       0x12 Sketch.o
 .text._Z7forwardv
                0x00000000       0x12 Sketch.o
 .bss.txf       0x00000000        0x6 Sketch.o
 .bss.rxf       0x00000000        0x3 Sketch.o
 .bss.previous_count
                0x00000000        0x4 Sketch.o
 .text          0x00000000        0x0 UART/UART.o
 .data          0x00000000        0x0 UART/UART.o
 .bss           0x00000000        0x0 UART/UART.o
 .text._Z10uart0_initv
                0x00000000       0x1c UART/UART.o
 .text._Z7uart_txc
                0x00000000        0xe UART/UART.o
 .text._Z13uart_tx_arrayPKci
                0x00000000       0x34 UART/UART.o
 .text._Z14uart_tx_stringPc
                0x00000000       0x18 UART/UART.o
 .text._Z7uart_rxv
                0x00000000        0xe UART/UART.o
 .text._Z9uart_readv
                0x00000000       0x16 UART/UART.o
 .debug_info    0x00000000      0x18a UART/UART.o
 .debug_abbrev  0x00000000       0xe7 UART/UART.o
 .debug_loc     0x00000000      0x196 UART/UART.o
 .debug_aranges
                0x00000000       0x48 UART/UART.o
 .debug_ranges  0x00000000       0x38 UART/UART.o
 .debug_line    0x00000000      0x110 UART/UART.o
 .debug_str     0x00000000      0x29d UART/UART.o
 .comment       0x00000000       0x31 UART/UART.o
 .debug_frame   0x00000000       0xa0 UART/UART.o
 .text          0x00000000        0x0 c:/program files (x86)/atmel/studio/7.0/toolchain/avr8/avr8-gnu-toolchain/bin/../lib/gcc/avr/4.9.2/../../../../avr/lib/avr6\libm.a(addsf3.o)
 .data          0x00000000        0x0 c:/program files (x86)/atmel/studio/7.0/toolchain/avr8/avr8-gnu-toolchain/bin/../lib/gcc/avr/4.9.2/../../../../avr/lib/avr6\libm.a(addsf3.o)
 .bss           0x00000000        0x0 c:/program files (x86)/atmel/studio/7.0/toolchain/avr8/avr8-gnu-toolchain/bin/../lib/gcc/avr/4.9.2/../../../../avr/lib/avr6\libm.a(addsf3.o)
 .text          0x00000000        0x0 c:/program files (x86)/atmel/studio/7.0/toolchain/avr8/avr8-gnu-toolchain/bin/../lib/gcc/avr/4.9.2/../../../../avr/lib/avr6\libm.a(addsf3x.o)
 .data          0x00000000        0x0 c:/program files (x86)/atmel/studio/7.0/toolchain/avr8/avr8-gnu-toolchain/bin/../lib/gcc/avr/4.9.2/../../../../avr/lib/avr6\libm.a(addsf3x.o)
 .bss           0x00000000        0x0 c:/program files (x86)/atmel/studio/7.0/toolchain/avr8/avr8-gnu-toolchain/bin/../lib/gcc/avr/4.9.2/../../../../avr/lib/avr6\libm.a(addsf3x.o)
 .text          0x00000000        0x0 c:/program files (x86)/atmel/studio/7.0/toolchain/avr8/avr8-gnu-toolchain/bin/../lib/gcc/avr/4.9.2/../../../../avr/lib/avr6\libm.a(atan2.o)
 .data          0x00000000        0x0 c:/program files (x86)/atmel/studio/7.0/toolchain/avr8/avr8-gnu-toolchain/bin/../lib/gcc/avr/4.9.2/../../../../avr/lib/avr6\libm.a(atan2.o)
 .bss           0x00000000        0x0 c:/program files (x86)/atmel/studio/7.0/toolchain/avr8/avr8-gnu-toolchain/bin/../lib/gcc/avr/4.9.2/../../../../avr/lib/avr6\libm.a(atan2.o)
 .text          0x00000000        0x0 c:/program files (x86)/atmel/studio/7.0/toolchain/avr8/avr8-gnu-toolchain/bin/../lib/gcc/avr/4.9.2/../../../../avr/lib/avr6\libm.a(atan.o)
 .data          0x00000000        0x0 c:/program files (x86)/atmel/studio/7.0/toolchain/avr8/avr8-gnu-toolchain/bin/../lib/gcc/avr/4.9.2/../../../../avr/lib/avr6\libm.a(atan.o)
 .bss           0x00000000        0x0 c:/program files (x86)/atmel/studio/7.0/toolchain/avr8/avr8-gnu-toolchain/bin/../lib/gcc/avr/4.9.2/../../../../avr/lib/avr6\libm.a(atan.o)
 .text          0x00000000        0x0 c:/program files (x86)/atmel/studio/7.0/toolchain/avr8/avr8-gnu-toolchain/bin/../lib/gcc/avr/4.9.2/../../../../avr/lib/avr6\libm.a(cmpsf2.o)
 .data          0x00000000        0x0 c:/program files (x86)/atmel/studio/7.0/toolchain/avr8/avr8-gnu-toolchain/bin/../lib/gcc/avr/4.9.2/../../../../avr/lib/avr6\libm.a(cmpsf2.o)
 .bss           0x00000000        0x0 c:/program files (x86)/atmel/studio/7.0/toolchain/avr8/avr8-gnu-toolchain/bin/../lib/gcc/avr/4.9.2/../../../../avr/lib/avr6\libm.a(cmpsf2.o)
 .text          0x00000000        0x0 c:/program files (x86)/atmel/studio/7.0/toolchain/avr8/avr8-gnu-toolchain/bin/../lib/gcc/avr/4.9.2/../../../../avr/lib/avr6\libm.a(divsf3.o)
 .data          0x00000000        0x0 c:/program files (x86)/atmel/studio/7.0/toolchain/avr8/avr8-gnu-toolchain/bin/../lib/gcc/avr/4.9.2/../../../../avr/lib/avr6\libm.a(divsf3.o)
 .bss           0x00000000        0x0 c:/program files (x86)/atmel/studio/7.0/toolchain/avr8/avr8-gnu-toolchain/bin/../lib/gcc/avr/4.9.2/../../../../avr/lib/avr6\libm.a(divsf3.o)
 .text          0x00000000        0x0 c:/program files (x86)/atmel/studio/7.0/toolchain/avr8/avr8-gnu-toolchain/bin/../lib/gcc/avr/4.9.2/../../../../avr/lib/avr6\libm.a(divsf3x.o)
 .data          0x00000000        0x0 c:/program files (x86)/atmel/studio/7.0/toolchain/avr8/avr8-gnu-toolchain/bin/../lib/gcc/avr/4.9.2/../../../../avr/lib/avr6\libm.a(divsf3x.o)
 .bss           0x00000000        0x0 c:/program files (x86)/atmel/studio/7.0/toolchain/avr8/avr8-gnu-toolchain/bin/../lib/gcc/avr/4.9.2/../../../../avr/lib/avr6\libm.a(divsf3x.o)
 .text          0x00000000        0x0 c:/program files (x86)/atmel/studio/7.0/toolchain/avr8/avr8-gnu-toolchain/bin/../lib/gcc/avr/4.9.2/../../../../avr/lib/avr6\libm.a(fixsfsi.o)
 .data          0x00000000        0x0 c:/program files (x86)/atmel/studio/7.0/toolchain/avr8/avr8-gnu-toolchain/bin/../lib/gcc/avr/4.9.2/../../../../avr/lib/avr6\libm.a(fixsfsi.o)
 .bss           0x00000000        0x0 c:/program files (x86)/atmel/studio/7.0/toolchain/avr8/avr8-gnu-toolchain/bin/../lib/gcc/avr/4.9.2/../../../../avr/lib/avr6\libm.a(fixsfsi.o)
 .text          0x00000000        0x0 c:/program files (x86)/atmel/studio/7.0/toolchain/avr8/avr8-gnu-toolchain/bin/../lib/gcc/avr/4.9.2/../../../../avr/lib/avr6\libm.a(fixunssfsi.o)
 .data          0x00000000        0x0 c:/program files (x86)/atmel/studio/7.0/toolchain/avr8/avr8-gnu-toolchain/bin/../lib/gcc/avr/4.9.2/../../../../avr/lib/avr6\libm.a(fixunssfsi.o)
 .bss           0x00000000        0x0 c:/program files (x86)/atmel/studio/7.0/toolchain/avr8/avr8-gnu-toolchain/bin/../lib/gcc/avr/4.9.2/../../../../avr/lib/avr6\libm.a(fixunssfsi.o)
 .text          0x00000000        0x0 c:/program files (x86)/atmel/studio/7.0/toolchain/avr8/avr8-gnu-toolchain/bin/../lib/gcc/avr/4.9.2/../../../../avr/lib/avr6\libm.a(floatsisf.o)
 .data          0x00000000        0x0 c:/program files (x86)/atmel/studio/7.0/toolchain/avr8/avr8-gnu-toolchain/bin/../lib/gcc/avr/4.9.2/../../../../avr/lib/avr6\libm.a(floatsisf.o)
 .bss           0x00000000        0x0 c:/program files (x86)/atmel/studio/7.0/toolchain/avr8/avr8-gnu-toolchain/bin/../lib/gcc/avr/4.9.2/../../../../avr/lib/avr6\libm.a(floatsisf.o)
 .text          0x00000000        0x0 c:/program files (x86)/atmel/studio/7.0/toolchain/avr8/avr8-gnu-toolchain/bin/../lib/gcc/avr/4.9.2/../../../../avr/lib/avr6\libm.a(fp_cmp.o)
 .data          0x00000000        0x0 c:/program files (x86)/atmel/studio/7.0/toolchain/avr8/avr8-gnu-toolchain/bin/../lib/gcc/avr/4.9.2/../../../../avr/lib/avr6\libm.a(fp_cmp.o)
 .bss           0x00000000        0x0 c:/program files (x86)/atmel/studio/7.0/toolchain/avr8/avr8-gnu-toolchain/bin/../lib/gcc/avr/4.9.2/../../../../avr/lib/avr6\libm.a(fp_cmp.o)
 .text          0x00000000        0x0 c:/program files (x86)/atmel/studio/7.0/toolchain/avr8/avr8-gnu-toolchain/bin/../lib/gcc/avr/4.9.2/../../../../avr/lib/avr6\libm.a(fp_inf.o)
 .data          0x00000000        0x0 c:/program files (x86)/atmel/studio/7.0/toolchain/avr8/avr8-gnu-toolchain/bin/../lib/gcc/avr/4.9.2/../../../../avr/lib/avr6\libm.a(fp_inf.o)
 .bss           0x00000000        0x0 c:/program files (x86)/atmel/studio/7.0/toolchain/avr8/avr8-gnu-toolchain/bin/../lib/gcc/avr/4.9.2/../../../../avr/lib/avr6\libm.a(fp_inf.o)
 .text          0x00000000        0x0 c:/program files (x86)/atmel/studio/7.0/toolchain/avr8/avr8-gnu-toolchain/bin/../lib/gcc/avr/4.9.2/../../../../avr/lib/avr6\libm.a(fp_nan.o)
 .data          0x00000000        0x0 c:/program files (x86)/atmel/studio/7.0/toolchain/avr8/avr8-gnu-toolchain/bin/../lib/gcc/avr/4.9.2/../../../../avr/lib/avr6\libm.a(fp_nan.o)
 .bss           0x00000000        0x0 c:/program files (x86)/atmel/studio/7.0/toolchain/avr8/avr8-gnu-toolchain/bin/../lib/gcc/avr/4.9.2/../../../../avr/lib/avr6\libm.a(fp_nan.o)
 .text          0x00000000        0x0 c:/program files (x86)/atmel/studio/7.0/toolchain/avr8/avr8-gnu-toolchain/bin/../lib/gcc/avr/4.9.2/../../../../avr/lib/avr6\libm.a(fp_powser.o)
 .data          0x00000000        0x0 c:/program files (x86)/atmel/studio/7.0/toolchain/avr8/avr8-gnu-toolchain/bin/../lib/gcc/avr/4.9.2/../../../../avr/lib/avr6\libm.a(fp_powser.o)
 .bss           0x00000000        0x0 c:/program files (x86)/atmel/studio/7.0/toolchain/avr8/avr8-gnu-toolchain/bin/../lib/gcc/avr/4.9.2/../../../../avr/lib/avr6\libm.a(fp_powser.o)
 .text          0x00000000        0x0 c:/program files (x86)/atmel/studio/7.0/toolchain/avr8/avr8-gnu-toolchain/bin/../lib/gcc/avr/4.9.2/../../../../avr/lib/avr6\libm.a(fp_pscA.o)
 .data          0x00000000        0x0 c:/program files (x86)/atmel/studio/7.0/toolchain/avr8/avr8-gnu-toolchain/bin/../lib/gcc/avr/4.9.2/../../../../avr/lib/avr6\libm.a(fp_pscA.o)
 .bss           0x00000000        0x0 c:/program files (x86)/atmel/studio/7.0/toolchain/avr8/avr8-gnu-toolchain/bin/../lib/gcc/avr/4.9.2/../../../../avr/lib/avr6\libm.a(fp_pscA.o)
 .text          0x00000000        0x0 c:/program files (x86)/atmel/studio/7.0/toolchain/avr8/avr8-gnu-toolchain/bin/../lib/gcc/avr/4.9.2/../../../../avr/lib/avr6\libm.a(fp_pscB.o)
 .data          0x00000000        0x0 c:/program files (x86)/atmel/studio/7.0/toolchain/avr8/avr8-gnu-toolchain/bin/../lib/gcc/avr/4.9.2/../../../../avr/lib/avr6\libm.a(fp_pscB.o)
 .bss           0x00000000        0x0 c:/program files (x86)/atmel/studio/7.0/toolchain/avr8/avr8-gnu-toolchain/bin/../lib/gcc/avr/4.9.2/../../../../avr/lib/avr6\libm.a(fp_pscB.o)
 .text          0x00000000        0x0 c:/program files (x86)/atmel/studio/7.0/toolchain/avr8/avr8-gnu-toolchain/bin/../lib/gcc/avr/4.9.2/../../../../avr/lib/avr6\libm.a(fp_round.o)
 .data          0x00000000        0x0 c:/program files (x86)/atmel/studio/7.0/toolchain/avr8/avr8-gnu-toolchain/bin/../lib/gcc/avr/4.9.2/../../../../avr/lib/avr6\libm.a(fp_round.o)
 .bss           0x00000000        0x0 c:/program files (x86)/atmel/studio/7.0/toolchain/avr8/avr8-gnu-toolchain/bin/../lib/gcc/avr/4.9.2/../../../../avr/lib/avr6\libm.a(fp_round.o)
 .text          0x00000000        0x0 c:/program files (x86)/atmel/studio/7.0/toolchain/avr8/avr8-gnu-toolchain/bin/../lib/gcc/avr/4.9.2/../../../../avr/lib/avr6\libm.a(fp_split3.o)
 .data          0x00000000        0x0 c:/program files (x86)/atmel/studio/7.0/toolchain/avr8/avr8-gnu-toolchain/bin/../lib/gcc/avr/4.9.2/../../../../avr/lib/avr6\libm.a(fp_split3.o)
 .bss           0x00000000        0x0 c:/program files (x86)/atmel/studio/7.0/toolchain/avr8/avr8-gnu-toolchain/bin/../lib/gcc/avr/4.9.2/../../../../avr/lib/avr6\libm.a(fp_split3.o)
 .text          0x00000000        0x0 c:/program files (x86)/atmel/studio/7.0/toolchain/avr8/avr8-gnu-toolchain/bin/../lib/gcc/avr/4.9.2/../../../../avr/lib/avr6\libm.a(fp_zero.o)
 .data          0x00000000        0x0 c:/program files (x86)/atmel/studio/7.0/toolchain/avr8/avr8-gnu-toolchain/bin/../lib/gcc/avr/4.9.2/../../../../avr/lib/avr6\libm.a(fp_zero.o)
 .bss           0x00000000        0x0 c:/program files (x86)/atmel/studio/7.0/toolchain/avr8/avr8-gnu-toolchain/bin/../lib/gcc/avr/4.9.2/../../../../avr/lib/avr6\libm.a(fp_zero.o)
 .text          0x00000000        0x0 c:/program files (x86)/atmel/studio/7.0/toolchain/avr8/avr8-gnu-toolchain/bin/../lib/gcc/avr/4.9.2/../../../../avr/lib/avr6\libm.a(gesf2.o)
 .data          0x00000000        0x0 c:/program files (x86)/atmel/studio/7.0/toolchain/avr8/avr8-gnu-toolchain/bin/../lib/gcc/avr/4.9.2/../../../../avr/lib/avr6\libm.a(gesf2.o)
 .bss           0x00000000        0x0 c:/program files (x86)/atmel/studio/7.0/toolchain/avr8/avr8-gnu-toolchain/bin/../lib/gcc/avr/4.9.2/../../../../avr/lib/avr6\libm.a(gesf2.o)
 .text          0x00000000        0x0 c:/program files (x86)/atmel/studio/7.0/toolchain/avr8/avr8-gnu-toolchain/bin/../lib/gcc/avr/4.9.2/../../../../avr/lib/avr6\libm.a(inverse.o)
 .data          0x00000000        0x0 c:/program files (x86)/atmel/studio/7.0/toolchain/avr8/avr8-gnu-toolchain/bin/../lib/gcc/avr/4.9.2/../../../../avr/lib/avr6\libm.a(inverse.o)
 .bss           0x00000000        0x0 c:/program files (x86)/atmel/studio/7.0/toolchain/avr8/avr8-gnu-toolchain/bin/../lib/gcc/avr/4.9.2/../../../../avr/lib/avr6\libm.a(inverse.o)
 .text          0x00000000        0x0 c:/program files (x86)/atmel/studio/7.0/toolchain/avr8/avr8-gnu-toolchain/bin/../lib/gcc/avr/4.9.2/../../../../avr/lib/avr6\libm.a(mulsf3.o)
 .data          0x00000000        0x0 c:/program files (x86)/atmel/studio/7.0/toolchain/avr8/avr8-gnu-toolchain/bin/../lib/gcc/avr/4.9.2/../../../../avr/lib/avr6\libm.a(mulsf3.o)
 .bss           0x00000000        0x0 c:/program files (x86)/atmel/studio/7.0/toolchain/avr8/avr8-gnu-toolchain/bin/../lib/gcc/avr/4.9.2/../../../../avr/lib/avr6\libm.a(mulsf3.o)
 .text          0x00000000        0x0 c:/program files (x86)/atmel/studio/7.0/toolchain/avr8/avr8-gnu-toolchain/bin/../lib/gcc/avr/4.9.2/../../../../avr/lib/avr6\libm.a(mulsf3x.o)
 .data          0x00000000        0x0 c:/program files (x86)/atmel/studio/7.0/toolchain/avr8/avr8-gnu-toolchain/bin/../lib/gcc/avr/4.9.2/../../../../avr/lib/avr6\libm.a(mulsf3x.o)
 .bss           0x00000000        0x0 c:/program files (x86)/atmel/studio/7.0/toolchain/avr8/avr8-gnu-toolchain/bin/../lib/gcc/avr/4.9.2/../../../../avr/lib/avr6\libm.a(mulsf3x.o)
 .text          0x00000000        0x0 c:/program files (x86)/atmel/studio/7.0/toolchain/avr8/avr8-gnu-toolchain/bin/../lib/gcc/avr/4.9.2/../../../../avr/lib/avr6\libm.a(square.o)
 .data          0x00000000        0x0 c:/program files (x86)/atmel/studio/7.0/toolchain/avr8/avr8-gnu-toolchain/bin/../lib/gcc/avr/4.9.2/../../../../avr/lib/avr6\libm.a(square.o)
 .bss           0x00000000        0x0 c:/program files (x86)/atmel/studio/7.0/toolchain/avr8/avr8-gnu-toolchain/bin/../lib/gcc/avr/4.9.2/../../../../avr/lib/avr6\libm.a(square.o)
 .group         0x00000000        0x8 C:\Users\Shaktimaan\Documents\balance_bot_control\balance_bot_control\ArduinoCore\Debug\libArduinoCore.a(HardwareSerial.o)
 .text          0x00000000        0x0 C:\Users\Shaktimaan\Documents\balance_bot_control\balance_bot_control\ArduinoCore\Debug\libArduinoCore.a(HardwareSerial.o)
 .data          0x00000000        0x0 C:\Users\Shaktimaan\Documents\balance_bot_control\balance_bot_control\ArduinoCore\Debug\libArduinoCore.a(HardwareSerial.o)
 .bss           0x00000000        0x0 C:\Users\Shaktimaan\Documents\balance_bot_control\balance_bot_control\ArduinoCore\Debug\libArduinoCore.a(HardwareSerial.o)
 .text._Z14serialEventRunv
                0x00000000       0x7a C:\Users\Shaktimaan\Documents\balance_bot_control\balance_bot_control\ArduinoCore\Debug\libArduinoCore.a(HardwareSerial.o)
 .text._ZN14HardwareSerial3endEv
                0x00000000       0x44 C:\Users\Shaktimaan\Documents\balance_bot_control\balance_bot_control\ArduinoCore\Debug\libArduinoCore.a(HardwareSerial.o)
 .text._ZN14HardwareSerial17availableForWriteEv
                0x00000000       0x1e C:\Users\Shaktimaan\Documents\balance_bot_control\balance_bot_control\ArduinoCore\Debug\libArduinoCore.a(HardwareSerial.o)
 .text          0x00000000        0x0 C:\Users\Shaktimaan\Documents\balance_bot_control\balance_bot_control\ArduinoCore\Debug\libArduinoCore.a(HardwareSerial0.o)
 .data          0x00000000        0x0 C:\Users\Shaktimaan\Documents\balance_bot_control\balance_bot_control\ArduinoCore\Debug\libArduinoCore.a(HardwareSerial0.o)
 .bss           0x00000000        0x0 C:\Users\Shaktimaan\Documents\balance_bot_control\balance_bot_control\ArduinoCore\Debug\libArduinoCore.a(HardwareSerial0.o)
 .text._Z17Serial0_availablev
                0x00000000       0x14 C:\Users\Shaktimaan\Documents\balance_bot_control\balance_bot_control\ArduinoCore\Debug\libArduinoCore.a(HardwareSerial0.o)
 .text          0x00000000        0x0 C:\Users\Shaktimaan\Documents\balance_bot_control\balance_bot_control\ArduinoCore\Debug\libArduinoCore.a(HardwareSerial1.o)
 .data          0x00000000        0x0 C:\Users\Shaktimaan\Documents\balance_bot_control\balance_bot_control\ArduinoCore\Debug\libArduinoCore.a(HardwareSerial1.o)
 .bss           0x00000000        0x0 C:\Users\Shaktimaan\Documents\balance_bot_control\balance_bot_control\ArduinoCore\Debug\libArduinoCore.a(HardwareSerial1.o)
 .text._Z17Serial1_availablev
                0x00000000       0x14 C:\Users\Shaktimaan\Documents\balance_bot_control\balance_bot_control\ArduinoCore\Debug\libArduinoCore.a(HardwareSerial1.o)
 .group         0x00000000        0x8 C:\Users\Shaktimaan\Documents\balance_bot_control\balance_bot_control\ArduinoCore\Debug\libArduinoCore.a(Print.o)
 .group         0x00000000        0x8 C:\Users\Shaktimaan\Documents\balance_bot_control\balance_bot_control\ArduinoCore\Debug\libArduinoCore.a(Print.o)
 .text          0x00000000        0x0 C:\Users\Shaktimaan\Documents\balance_bot_control\balance_bot_control\ArduinoCore\Debug\libArduinoCore.a(Print.o)
 .data          0x00000000        0x0 C:\Users\Shaktimaan\Documents\balance_bot_control\balance_bot_control\ArduinoCore\Debug\libArduinoCore.a(Print.o)
 .bss           0x00000000        0x0 C:\Users\Shaktimaan\Documents\balance_bot_control\balance_bot_control\ArduinoCore\Debug\libArduinoCore.a(Print.o)
 .text._ZN5Print5writeEPKc
                0x00000000       0x2a C:\Users\Shaktimaan\Documents\balance_bot_control\balance_bot_control\ArduinoCore\Debug\libArduinoCore.a(Print.o)
 .text._ZN5Print5printEPK19__FlashStringHelper
                0x00000000       0x48 C:\Users\Shaktimaan\Documents\balance_bot_control\balance_bot_control\ArduinoCore\Debug\libArduinoCore.a(Print.o)
 .text._ZN5Print5printERK6String
                0x00000000       0x1c C:\Users\Shaktimaan\Documents\balance_bot_control\balance_bot_control\ArduinoCore\Debug\libArduinoCore.a(Print.o)
 .text._ZN5Print5printEPKc
                0x00000000        0x4 C:\Users\Shaktimaan\Documents\balance_bot_control\balance_bot_control\ArduinoCore\Debug\libArduinoCore.a(Print.o)
 .text._ZN5Print5printEc
                0x00000000        0xe C:\Users\Shaktimaan\Documents\balance_bot_control\balance_bot_control\ArduinoCore\Debug\libArduinoCore.a(Print.o)
 .text._ZN5Print5printERK9Printable
                0x00000000       0x14 C:\Users\Shaktimaan\Documents\balance_bot_control\balance_bot_control\ArduinoCore\Debug\libArduinoCore.a(Print.o)
 .rodata.str1.1
                0x00000000       0x11 C:\Users\Shaktimaan\Documents\balance_bot_control\balance_bot_control\ArduinoCore\Debug\libArduinoCore.a(Print.o)
 .text._ZN5Print7printlnEv
                0x00000000        0x8 C:\Users\Shaktimaan\Documents\balance_bot_control\balance_bot_control\ArduinoCore\Debug\libArduinoCore.a(Print.o)
 .text._ZN5Print7printlnEPK19__FlashStringHelper
                0x00000000       0x24 C:\Users\Shaktimaan\Documents\balance_bot_control\balance_bot_control\ArduinoCore\Debug\libArduinoCore.a(Print.o)
 .text._ZN5Print7printlnERK6String
                0x00000000       0x24 C:\Users\Shaktimaan\Documents\balance_bot_control\balance_bot_control\ArduinoCore\Debug\libArduinoCore.a(Print.o)
 .text._ZN5Print7printlnEPKc
                0x00000000       0x24 C:\Users\Shaktimaan\Documents\balance_bot_control\balance_bot_control\ArduinoCore\Debug\libArduinoCore.a(Print.o)
 .text._ZN5Print7printlnEc
                0x00000000       0x24 C:\Users\Shaktimaan\Documents\balance_bot_control\balance_bot_control\ArduinoCore\Debug\libArduinoCore.a(Print.o)
 .text._ZN5Print7printlnERK9Printable
                0x00000000       0x24 C:\Users\Shaktimaan\Documents\balance_bot_control\balance_bot_control\ArduinoCore\Debug\libArduinoCore.a(Print.o)
 .text._ZN5Print11printNumberEmh
                0x00000000       0xa8 C:\Users\Shaktimaan\Documents\balance_bot_control\balance_bot_control\ArduinoCore\Debug\libArduinoCore.a(Print.o)
 .text._ZN5Print5printEli
                0x00000000       0x94 C:\Users\Shaktimaan\Documents\balance_bot_control\balance_bot_control\ArduinoCore\Debug\libArduinoCore.a(Print.o)
 .text._ZN5Print5printEii
                0x00000000        0xe C:\Users\Shaktimaan\Documents\balance_bot_control\balance_bot_control\ArduinoCore\Debug\libArduinoCore.a(Print.o)
 .text._ZN5Print7printlnEii
                0x00000000       0x2e C:\Users\Shaktimaan\Documents\balance_bot_control\balance_bot_control\ArduinoCore\Debug\libArduinoCore.a(Print.o)
 .text._ZN5Print7printlnEli
                0x00000000       0x24 C:\Users\Shaktimaan\Documents\balance_bot_control\balance_bot_control\ArduinoCore\Debug\libArduinoCore.a(Print.o)
 .text._ZN5Print5printEmi
                0x00000000       0x1a C:\Users\Shaktimaan\Documents\balance_bot_control\balance_bot_control\ArduinoCore\Debug\libArduinoCore.a(Print.o)
 .text._ZN5Print5printEhi
                0x00000000        0xe C:\Users\Shaktimaan\Documents\balance_bot_control\balance_bot_control\ArduinoCore\Debug\libArduinoCore.a(Print.o)
 .text._ZN5Print7printlnEhi
                0x00000000       0x2e C:\Users\Shaktimaan\Documents\balance_bot_control\balance_bot_control\ArduinoCore\Debug\libArduinoCore.a(Print.o)
 .text._ZN5Print5printEji
                0x00000000        0xc C:\Users\Shaktimaan\Documents\balance_bot_control\balance_bot_control\ArduinoCore\Debug\libArduinoCore.a(Print.o)
 .text._ZN5Print7printlnEji
                0x00000000       0x2c C:\Users\Shaktimaan\Documents\balance_bot_control\balance_bot_control\ArduinoCore\Debug\libArduinoCore.a(Print.o)
 .text._ZN5Print7printlnEmi
                0x00000000       0x24 C:\Users\Shaktimaan\Documents\balance_bot_control\balance_bot_control\ArduinoCore\Debug\libArduinoCore.a(Print.o)
 .text._ZN5Print10printFloatEdh
                0x00000000      0x1ca C:\Users\Shaktimaan\Documents\balance_bot_control\balance_bot_control\ArduinoCore\Debug\libArduinoCore.a(Print.o)
 .text._ZN5Print5printEdi
                0x00000000        0x4 C:\Users\Shaktimaan\Documents\balance_bot_control\balance_bot_control\ArduinoCore\Debug\libArduinoCore.a(Print.o)
 .text._ZN5Print7printlnEdi
                0x00000000       0x24 C:\Users\Shaktimaan\Documents\balance_bot_control\balance_bot_control\ArduinoCore\Debug\libArduinoCore.a(Print.o)
 .rodata._ZTV5Print
                0x00000000        0x8 C:\Users\Shaktimaan\Documents\balance_bot_control\balance_bot_control\ArduinoCore\Debug\libArduinoCore.a(Print.o)
 .text          0x00000000        0x0 C:\Users\Shaktimaan\Documents\balance_bot_control\balance_bot_control\ArduinoCore\Debug\libArduinoCore.a(abi.o)
 .data          0x00000000        0x0 C:\Users\Shaktimaan\Documents\balance_bot_control\balance_bot_control\ArduinoCore\Debug\libArduinoCore.a(abi.o)
 .bss           0x00000000        0x0 C:\Users\Shaktimaan\Documents\balance_bot_control\balance_bot_control\ArduinoCore\Debug\libArduinoCore.a(abi.o)
 .text.__cxa_pure_virtual
                0x00000000        0x4 C:\Users\Shaktimaan\Documents\balance_bot_control\balance_bot_control\ArduinoCore\Debug\libArduinoCore.a(abi.o)
 .text.__cxa_deleted_virtual
                0x00000000        0x4 C:\Users\Shaktimaan\Documents\balance_bot_control\balance_bot_control\ArduinoCore\Debug\libArduinoCore.a(abi.o)
 .debug_info    0x00000000       0x8e C:\Users\Shaktimaan\Documents\balance_bot_control\balance_bot_control\ArduinoCore\Debug\libArduinoCore.a(abi.o)
 .debug_abbrev  0x00000000       0x5e C:\Users\Shaktimaan\Documents\balance_bot_control\balance_bot_control\ArduinoCore\Debug\libArduinoCore.a(abi.o)
 .debug_aranges
                0x00000000       0x28 C:\Users\Shaktimaan\Documents\balance_bot_control\balance_bot_control\ArduinoCore\Debug\libArduinoCore.a(abi.o)
 .debug_ranges  0x00000000       0x18 C:\Users\Shaktimaan\Documents\balance_bot_control\balance_bot_control\ArduinoCore\Debug\libArduinoCore.a(abi.o)
 .debug_line    0x00000000       0xbf C:\Users\Shaktimaan\Documents\balance_bot_control\balance_bot_control\ArduinoCore\Debug\libArduinoCore.a(abi.o)
 .debug_str     0x00000000      0x1c5 C:\Users\Shaktimaan\Documents\balance_bot_control\balance_bot_control\ArduinoCore\Debug\libArduinoCore.a(abi.o)
 .comment       0x00000000       0x31 C:\Users\Shaktimaan\Documents\balance_bot_control\balance_bot_control\ArduinoCore\Debug\libArduinoCore.a(abi.o)
 .debug_frame   0x00000000       0x34 C:\Users\Shaktimaan\Documents\balance_bot_control\balance_bot_control\ArduinoCore\Debug\libArduinoCore.a(abi.o)
 .text          0x00000000        0x0 c:/program files (x86)/atmel/studio/7.0/toolchain/avr8/avr8-gnu-toolchain/bin/../lib/gcc/avr/4.9.2/../../../../avr/lib/avr6\libm.a(unordsf2.o)
 .data          0x00000000        0x0 c:/program files (x86)/atmel/studio/7.0/toolchain/avr8/avr8-gnu-toolchain/bin/../lib/gcc/avr/4.9.2/../../../../avr/lib/avr6\libm.a(unordsf2.o)
 .bss           0x00000000        0x0 c:/program files (x86)/atmel/studio/7.0/toolchain/avr8/avr8-gnu-toolchain/bin/../lib/gcc/avr/4.9.2/../../../../avr/lib/avr6\libm.a(unordsf2.o)
 .text.avr-libc.fplib
                0x00000000        0xa c:/program files (x86)/atmel/studio/7.0/toolchain/avr8/avr8-gnu-toolchain/bin/../lib/gcc/avr/4.9.2/../../../../avr/lib/avr6\libm.a(unordsf2.o)
 .text          0x00000000        0x0 c:/program files (x86)/atmel/studio/7.0/toolchain/avr8/avr8-gnu-toolchain/bin/../lib/gcc/avr/4.9.2/avr6\libgcc.a(_udivmodsi4.o)
 .data          0x00000000        0x0 c:/program files (x86)/atmel/studio/7.0/toolchain/avr8/avr8-gnu-toolchain/bin/../lib/gcc/avr/4.9.2/avr6\libgcc.a(_udivmodsi4.o)
 .bss           0x00000000        0x0 c:/program files (x86)/atmel/studio/7.0/toolchain/avr8/avr8-gnu-toolchain/bin/../lib/gcc/avr/4.9.2/avr6\libgcc.a(_udivmodsi4.o)
 .text.libgcc.mul
                0x00000000        0x0 c:/program files (x86)/atmel/studio/7.0/toolchain/avr8/avr8-gnu-toolchain/bin/../lib/gcc/avr/4.9.2/avr6\libgcc.a(_udivmodsi4.o)
 .text.libgcc   0x00000000        0x0 c:/program files (x86)/atmel/studio/7.0/toolchain/avr8/avr8-gnu-toolchain/bin/../lib/gcc/avr/4.9.2/avr6\libgcc.a(_udivmodsi4.o)
 .text.libgcc.prologue
                0x00000000        0x0 c:/program files (x86)/atmel/studio/7.0/toolchain/avr8/avr8-gnu-toolchain/bin/../lib/gcc/avr/4.9.2/avr6\libgcc.a(_udivmodsi4.o)
 .text.libgcc.builtins
                0x00000000        0x0 c:/program files (x86)/atmel/studio/7.0/toolchain/avr8/avr8-gnu-toolchain/bin/../lib/gcc/avr/4.9.2/avr6\libgcc.a(_udivmodsi4.o)
 .text.libgcc.fmul
                0x00000000        0x0 c:/program files (x86)/atmel/studio/7.0/toolchain/avr8/avr8-gnu-toolchain/bin/../lib/gcc/avr/4.9.2/avr6\libgcc.a(_udivmodsi4.o)
 .text.libgcc.fixed
                0x00000000        0x0 c:/program files (x86)/atmel/studio/7.0/toolchain/avr8/avr8-gnu-toolchain/bin/../lib/gcc/avr/4.9.2/avr6\libgcc.a(_udivmodsi4.o)
 .text          0x00000000        0x0 c:/program files (x86)/atmel/studio/7.0/toolchain/avr8/avr8-gnu-toolchain/bin/../lib/gcc/avr/4.9.2/avr6\libgcc.a(_exit.o)
 .data          0x00000000        0x0 c:/program files (x86)/atmel/studio/7.0/toolchain/avr8/avr8-gnu-toolchain/bin/../lib/gcc/avr/4.9.2/avr6\libgcc.a(_exit.o)
 .bss           0x00000000        0x0 c:/program files (x86)/atmel/studio/7.0/toolchain/avr8/avr8-gnu-toolchain/bin/../lib/gcc/avr/4.9.2/avr6\libgcc.a(_exit.o)
 .text.libgcc.mul
                0x00000000        0x0 c:/program files (x86)/atmel/studio/7.0/toolchain/avr8/avr8-gnu-toolchain/bin/../lib/gcc/avr/4.9.2/avr6\libgcc.a(_exit.o)
 .text.libgcc.div
                0x00000000        0x0 c:/program files (x86)/atmel/studio/7.0/toolchain/avr8/avr8-gnu-toolchain/bin/../lib/gcc/avr/4.9.2/avr6\libgcc.a(_exit.o)
 .text.libgcc   0x00000000        0x0 c:/program files (x86)/atmel/studio/7.0/toolchain/avr8/avr8-gnu-toolchain/bin/../lib/gcc/avr/4.9.2/avr6\libgcc.a(_exit.o)
 .text.libgcc.prologue
                0x00000000        0x0 c:/program files (x86)/atmel/studio/7.0/toolchain/avr8/avr8-gnu-toolchain/bin/../lib/gcc/avr/4.9.2/avr6\libgcc.a(_exit.o)
 .text.libgcc.builtins
                0x00000000        0x0 c:/program files (x86)/atmel/studio/7.0/toolchain/avr8/avr8-gnu-toolchain/bin/../lib/gcc/avr/4.9.2/avr6\libgcc.a(_exit.o)
 .text.libgcc.fmul
                0x00000000        0x0 c:/program files (x86)/atmel/studio/7.0/toolchain/avr8/avr8-gnu-toolchain/bin/../lib/gcc/avr/4.9.2/avr6\libgcc.a(_exit.o)
 .text.libgcc.fixed
                0x00000000        0x0 c:/program files (x86)/atmel/studio/7.0/toolchain/avr8/avr8-gnu-toolchain/bin/../lib/gcc/avr/4.9.2/avr6\libgcc.a(_exit.o)
 .text          0x00000000        0x0 c:/program files (x86)/atmel/studio/7.0/toolchain/avr8/avr8-gnu-toolchain/bin/../lib/gcc/avr/4.9.2/avr6\libgcc.a(_copy_data.o)
 .data          0x00000000        0x0 c:/program files (x86)/atmel/studio/7.0/toolchain/avr8/avr8-gnu-toolchain/bin/../lib/gcc/avr/4.9.2/avr6\libgcc.a(_copy_data.o)
 .bss           0x00000000        0x0 c:/program files (x86)/atmel/studio/7.0/toolchain/avr8/avr8-gnu-toolchain/bin/../lib/gcc/avr/4.9.2/avr6\libgcc.a(_copy_data.o)
 .text.libgcc.mul
                0x00000000        0x0 c:/program files (x86)/atmel/studio/7.0/toolchain/avr8/avr8-gnu-toolchain/bin/../lib/gcc/avr/4.9.2/avr6\libgcc.a(_copy_data.o)
 .text.libgcc.div
                0x00000000        0x0 c:/program files (x86)/atmel/studio/7.0/toolchain/avr8/avr8-gnu-toolchain/bin/../lib/gcc/avr/4.9.2/avr6\libgcc.a(_copy_data.o)
 .text.libgcc   0x00000000        0x0 c:/program files (x86)/atmel/studio/7.0/toolchain/avr8/avr8-gnu-toolchain/bin/../lib/gcc/avr/4.9.2/avr6\libgcc.a(_copy_data.o)
 .text.libgcc.prologue
                0x00000000        0x0 c:/program files (x86)/atmel/studio/7.0/toolchain/avr8/avr8-gnu-toolchain/bin/../lib/gcc/avr/4.9.2/avr6\libgcc.a(_copy_data.o)
 .text.libgcc.builtins
                0x00000000        0x0 c:/program files (x86)/atmel/studio/7.0/toolchain/avr8/avr8-gnu-toolchain/bin/../lib/gcc/avr/4.9.2/avr6\libgcc.a(_copy_data.o)
 .text.libgcc.fmul
                0x00000000        0x0 c:/program files (x86)/atmel/studio/7.0/toolchain/avr8/avr8-gnu-toolchain/bin/../lib/gcc/avr/4.9.2/avr6\libgcc.a(_copy_data.o)
 .text.libgcc.fixed
                0x00000000        0x0 c:/program files (x86)/atmel/studio/7.0/toolchain/avr8/avr8-gnu-toolchain/bin/../lib/gcc/avr/4.9.2/avr6\libgcc.a(_copy_data.o)
 .text          0x00000000        0x0 c:/program files (x86)/atmel/studio/7.0/toolchain/avr8/avr8-gnu-toolchain/bin/../lib/gcc/avr/4.9.2/avr6\libgcc.a(_clear_bss.o)
 .data          0x00000000        0x0 c:/program files (x86)/atmel/studio/7.0/toolchain/avr8/avr8-gnu-toolchain/bin/../lib/gcc/avr/4.9.2/avr6\libgcc.a(_clear_bss.o)
 .bss           0x00000000        0x0 c:/program files (x86)/atmel/studio/7.0/toolchain/avr8/avr8-gnu-toolchain/bin/../lib/gcc/avr/4.9.2/avr6\libgcc.a(_clear_bss.o)
 .text.libgcc.mul
                0x00000000        0x0 c:/program files (x86)/atmel/studio/7.0/toolchain/avr8/avr8-gnu-toolchain/bin/../lib/gcc/avr/4.9.2/avr6\libgcc.a(_clear_bss.o)
 .text.libgcc.div
                0x00000000        0x0 c:/program files (x86)/atmel/studio/7.0/toolchain/avr8/avr8-gnu-toolchain/bin/../lib/gcc/avr/4.9.2/avr6\libgcc.a(_clear_bss.o)
 .text.libgcc   0x00000000        0x0 c:/program files (x86)/atmel/studio/7.0/toolchain/avr8/avr8-gnu-toolchain/bin/../lib/gcc/avr/4.9.2/avr6\libgcc.a(_clear_bss.o)
 .text.libgcc.prologue
                0x00000000        0x0 c:/program files (x86)/atmel/studio/7.0/toolchain/avr8/avr8-gnu-toolchain/bin/../lib/gcc/avr/4.9.2/avr6\libgcc.a(_clear_bss.o)
 .text.libgcc.builtins
                0x00000000        0x0 c:/program files (x86)/atmel/studio/7.0/toolchain/avr8/avr8-gnu-toolchain/bin/../lib/gcc/avr/4.9.2/avr6\libgcc.a(_clear_bss.o)
 .text.libgcc.fmul
                0x00000000        0x0 c:/program files (x86)/atmel/studio/7.0/toolchain/avr8/avr8-gnu-toolchain/bin/../lib/gcc/avr/4.9.2/avr6\libgcc.a(_clear_bss.o)
 .text.libgcc.fixed
                0x00000000        0x0 c:/program files (x86)/atmel/studio/7.0/toolchain/avr8/avr8-gnu-toolchain/bin/../lib/gcc/avr/4.9.2/avr6\libgcc.a(_clear_bss.o)
 .text          0x00000000        0x0 c:/program files (x86)/atmel/studio/7.0/toolchain/avr8/avr8-gnu-toolchain/bin/../lib/gcc/avr/4.9.2/avr6\libgcc.a(_ctors.o)
 .data          0x00000000        0x0 c:/program files (x86)/atmel/studio/7.0/toolchain/avr8/avr8-gnu-toolchain/bin/../lib/gcc/avr/4.9.2/avr6\libgcc.a(_ctors.o)
 .bss           0x00000000        0x0 c:/program files (x86)/atmel/studio/7.0/toolchain/avr8/avr8-gnu-toolchain/bin/../lib/gcc/avr/4.9.2/avr6\libgcc.a(_ctors.o)
 .text.libgcc.mul
                0x00000000        0x0 c:/program files (x86)/atmel/studio/7.0/toolchain/avr8/avr8-gnu-toolchain/bin/../lib/gcc/avr/4.9.2/avr6\libgcc.a(_ctors.o)
 .text.libgcc.div
                0x00000000        0x0 c:/program files (x86)/atmel/studio/7.0/toolchain/avr8/avr8-gnu-toolchain/bin/../lib/gcc/avr/4.9.2/avr6\libgcc.a(_ctors.o)
 .text.libgcc   0x00000000        0x0 c:/program files (x86)/atmel/studio/7.0/toolchain/avr8/avr8-gnu-toolchain/bin/../lib/gcc/avr/4.9.2/avr6\libgcc.a(_ctors.o)
 .text.libgcc.prologue
                0x00000000        0x0 c:/program files (x86)/atmel/studio/7.0/toolchain/avr8/avr8-gnu-toolchain/bin/../lib/gcc/avr/4.9.2/avr6\libgcc.a(_ctors.o)
 .text.libgcc.builtins
                0x00000000        0x0 c:/program files (x86)/atmel/studio/7.0/toolchain/avr8/avr8-gnu-toolchain/bin/../lib/gcc/avr/4.9.2/avr6\libgcc.a(_ctors.o)
 .text.libgcc.fmul
                0x00000000        0x0 c:/program files (x86)/atmel/studio/7.0/toolchain/avr8/avr8-gnu-toolchain/bin/../lib/gcc/avr/4.9.2/avr6\libgcc.a(_ctors.o)
 .text.libgcc.fixed
                0x00000000        0x0 c:/program files (x86)/atmel/studio/7.0/toolchain/avr8/avr8-gnu-toolchain/bin/../lib/gcc/avr/4.9.2/avr6\libgcc.a(_ctors.o)
 .text          0x00000000        0x0 c:/program files (x86)/atmel/studio/7.0/toolchain/avr8/avr8-gnu-toolchain/bin/../lib/gcc/avr/4.9.2/avr6\libgcc.a(_tablejump2.o)
 .data          0x00000000        0x0 c:/program files (x86)/atmel/studio/7.0/toolchain/avr8/avr8-gnu-toolchain/bin/../lib/gcc/avr/4.9.2/avr6\libgcc.a(_tablejump2.o)
 .bss           0x00000000        0x0 c:/program files (x86)/atmel/studio/7.0/toolchain/avr8/avr8-gnu-toolchain/bin/../lib/gcc/avr/4.9.2/avr6\libgcc.a(_tablejump2.o)
 .text.libgcc.mul
                0x00000000        0x0 c:/program files (x86)/atmel/studio/7.0/toolchain/avr8/avr8-gnu-toolchain/bin/../lib/gcc/avr/4.9.2/avr6\libgcc.a(_tablejump2.o)
 .text.libgcc.div
                0x00000000        0x0 c:/program files (x86)/atmel/studio/7.0/toolchain/avr8/avr8-gnu-toolchain/bin/../lib/gcc/avr/4.9.2/avr6\libgcc.a(_tablejump2.o)
 .text.libgcc.prologue
                0x00000000        0x0 c:/program files (x86)/atmel/studio/7.0/toolchain/avr8/avr8-gnu-toolchain/bin/../lib/gcc/avr/4.9.2/avr6\libgcc.a(_tablejump2.o)
 .text.libgcc.builtins
                0x00000000        0x0 c:/program files (x86)/atmel/studio/7.0/toolchain/avr8/avr8-gnu-toolchain/bin/../lib/gcc/avr/4.9.2/avr6\libgcc.a(_tablejump2.o)
 .text.libgcc.fmul
                0x00000000        0x0 c:/program files (x86)/atmel/studio/7.0/toolchain/avr8/avr8-gnu-toolchain/bin/../lib/gcc/avr/4.9.2/avr6\libgcc.a(_tablejump2.o)
 .text.libgcc.fixed
                0x00000000        0x0 c:/program files (x86)/atmel/studio/7.0/toolchain/avr8/avr8-gnu-toolchain/bin/../lib/gcc/avr/4.9.2/avr6\libgcc.a(_tablejump2.o)
 .text          0x00000000        0x0 c:/program files (x86)/atmel/studio/7.0/toolchain/avr8/avr8-gnu-toolchain/bin/../lib/gcc/avr/4.9.2/../../../../avr/lib/avr6\libc.a(abort.o)
 .data          0x00000000        0x0 c:/program files (x86)/atmel/studio/7.0/toolchain/avr8/avr8-gnu-toolchain/bin/../lib/gcc/avr/4.9.2/../../../../avr/lib/avr6\libc.a(abort.o)
 .bss           0x00000000        0x0 c:/program files (x86)/atmel/studio/7.0/toolchain/avr8/avr8-gnu-toolchain/bin/../lib/gcc/avr/4.9.2/../../../../avr/lib/avr6\libc.a(abort.o)
 .text.avr-libc
                0x00000000        0xa c:/program files (x86)/atmel/studio/7.0/toolchain/avr8/avr8-gnu-toolchain/bin/../lib/gcc/avr/4.9.2/../../../../avr/lib/avr6\libc.a(abort.o)

Memory Configuration

Name             Origin             Length             Attributes
text             0x00000000         0x00100000         xr
data             0x00800200         0x0000fe00         rw !x
eeprom           0x00810000         0x00010000         rw !x
fuse             0x00820000         0x00000400         rw !x
lock             0x00830000         0x00000400         rw !x
signature        0x00840000         0x00000400         rw !x
user_signatures  0x00850000         0x00000400         rw !x
*default*        0x00000000         0xffffffff

Linker script and memory map

Address of section .data set to 0x800200
LOAD C:/Program Files (x86)/Atmel/Studio/7.0/Packs/atmel/ATmega_DFP/1.0.106/gcc/dev/atmega2560/avr6/crtatmega2560.o
LOAD accelero_ADXL/accelero_ADXL.o
LOAD gyro_L3G/gyro_L3G.o
LOAD I2C/i2c_lib.o
LOAD SCILAB/SCILAB.o
LOAD Sketch.o
LOAD UART/UART.o
START GROUP
LOAD c:/program files (x86)/atmel/studio/7.0/toolchain/avr8/avr8-gnu-toolchain/bin/../lib/gcc/avr/4.9.2/../../../../avr/lib/avr6\libm.a
LOAD C:\Users\Shaktimaan\Documents\balance_bot_control\balance_bot_control\ArduinoCore\Debug\libArduinoCore.a
END GROUP
LOAD c:/program files (x86)/atmel/studio/7.0/toolchain/avr8/avr8-gnu-toolchain/bin/../lib/gcc/avr/4.9.2/avr6\libgcc.a
LOAD c:/program files (x86)/atmel/studio/7.0/toolchain/avr8/avr8-gnu-toolchain/bin/../lib/gcc/avr/4.9.2/../../../../avr/lib/avr6\libm.a
START GROUP
LOAD c:/program files (x86)/atmel/studio/7.0/toolchain/avr8/avr8-gnu-toolchain/bin/../lib/gcc/avr/4.9.2/avr6\libgcc.a
LOAD c:/program files (x86)/atmel/studio/7.0/toolchain/avr8/avr8-gnu-toolchain/bin/../lib/gcc/avr/4.9.2/../../../../avr/lib/avr6\libm.a
LOAD c:/program files (x86)/atmel/studio/7.0/toolchain/avr8/avr8-gnu-toolchain/bin/../lib/gcc/avr/4.9.2/../../../../avr/lib/avr6\libc.a
LOAD C:/Program Files (x86)/Atmel/Studio/7.0/Packs/atmel/ATmega_DFP/1.0.106/gcc/dev/atmega2560/avr6\libatmega2560.a
END GROUP
                0x00100000                __TEXT_REGION_LENGTH__ = DEFINED (__TEXT_REGION_LENGTH__)?__TEXT_REGION_LENGTH__:0x100000
                0x0000fe00                __DATA_REGION_LENGTH__ = DEFINED (__DATA_REGION_LENGTH__)?__DATA_REGION_LENGTH__:0xfe00
                0x00010000                __EEPROM_REGION_LENGTH__ = DEFINED (__EEPROM_REGION_LENGTH__)?__EEPROM_REGION_LENGTH__:0x10000
                0x00000400                __FUSE_REGION_LENGTH__ = DEFINED (__FUSE_REGION_LENGTH__)?__FUSE_REGION_LENGTH__:0x400
                0x00000400                __LOCK_REGION_LENGTH__ = DEFINED (__LOCK_REGION_LENGTH__)?__LOCK_REGION_LENGTH__:0x400
                0x00000400                __SIGNATURE_REGION_LENGTH__ = DEFINED (__SIGNATURE_REGION_LENGTH__)?__SIGNATURE_REGION_LENGTH__:0x400
                0x00000400                __USER_SIGNATURE_REGION_LENGTH__ = DEFINED (__USER_SIGNATURE_REGION_LENGTH__)?__USER_SIGNATURE_REGION_LENGTH__:0x400

.hash
 *(.hash)

.dynsym
 *(.dynsym)

.dynstr
 *(.dynstr)

.gnu.version
 *(.gnu.version)

.gnu.version_d
 *(.gnu.version_d)

.gnu.version_r
 *(.gnu.version_r)

.rel.init
 *(.rel.init)

.rela.init
 *(.rela.init)

.rel.text
 *(.rel.text)
 *(.rel.text.*)
 *(.rel.gnu.linkonce.t*)

.rela.text
 *(.rela.text)
 *(.rela.text.*)
 *(.rela.gnu.linkonce.t*)

.rel.fini
 *(.rel.fini)

.rela.fini
 *(.rela.fini)

.rel.rodata
 *(.rel.rodata)
 *(.rel.rodata.*)
 *(.rel.gnu.linkonce.r*)

.rela.rodata
 *(.rela.rodata)
 *(.rela.rodata.*)
 *(.rela.gnu.linkonce.r*)

.rel.data
 *(.rel.data)
 *(.rel.data.*)
 *(.rel.gnu.linkonce.d*)

.rela.data
 *(.rela.data)
 *(.rela.data.*)
 *(.rela.gnu.linkonce.d*)

.rel.ctors
 *(.rel.ctors)

.rela.ctors
 *(.rela.ctors)

.rel.dtors
 *(.rel.dtors)

.rela.dtors
 *(.rela.dtors)

.rel.got
 *(.rel.got)

.rela.got
 *(.rela.got)

.rel.bss
 *(.rel.bss)

.rela.bss
 *(.rela.bss)

.rel.plt
 *(.rel.plt)

.rela.plt
 *(.rela.plt)

.text           0x00000000     0x1d70
 *(.vectors)
 .vectors       0x00000000       0xe4 C:/Program Files (x86)/Atmel/Studio/7.0/Packs/atmel/ATmega_DFP/1.0.106/gcc/dev/atmega2560/avr6/crtatmega2560.o
                0x00000000                __vector_default
                0x00000000                __vectors
 *(.vectors)
 *(.progmem.gcc*)
 .progmem.gcc_fplib
                0x000000e4       0x2d c:/program files (x86)/atmel/studio/7.0/toolchain/avr8/avr8-gnu-toolchain/bin/../lib/gcc/avr/4.9.2/../../../../avr/lib/avr6\libm.a(atan.o)
                0x00000112                . = ALIGN (0x2)
 *fill*         0x00000111        0x1 
                0x00000112                __trampolines_start = .
 *(.trampolines)
 .trampolines   0x00000112        0x0 linker stubs
 *(.trampolines*)
                0x00000112                __trampolines_end = .
 *libprintf_flt.a:*(.progmem.data)
 *libc.a:*(.progmem.data)
 *(.progmem*)
                0x00000112                . = ALIGN (0x2)
 *(.jumptables)
 *(.jumptables*)
 *(.lowtext)
 *(.lowtext*)
                0x00000112                __ctors_start = .
 *(.ctors)
 .ctors         0x00000112        0x2 C:\Users\Shaktimaan\Documents\balance_bot_control\balance_bot_control\ArduinoCore\Debug\libArduinoCore.a(HardwareSerial0.o)
 .ctors         0x00000114        0x2 C:\Users\Shaktimaan\Documents\balance_bot_control\balance_bot_control\ArduinoCore\Debug\libArduinoCore.a(HardwareSerial1.o)
                0x00000116                __ctors_end = .
                0x00000116                __dtors_start = .
 *(.dtors)
                0x00000116                __dtors_end = .
 SORT(*)(.ctors)
 SORT(*)(.dtors)
 *(.init0)
 .init0         0x00000116        0x0 C:/Program Files (x86)/Atmel/Studio/7.0/Packs/atmel/ATmega_DFP/1.0.106/gcc/dev/atmega2560/avr6/crtatmega2560.o
                0x00000116                __init
 *(.init0)
 *(.init1)
 *(.init1)
 *(.init2)
 .init2         0x00000116       0x10 C:/Program Files (x86)/Atmel/Studio/7.0/Packs/atmel/ATmega_DFP/1.0.106/gcc/dev/atmega2560/avr6/crtatmega2560.o
 *(.init2)
 *(.init3)
 *(.init3)
 *(.init4)
 .init4         0x00000126       0x1a c:/program files (x86)/atmel/studio/7.0/toolchain/avr8/avr8-gnu-toolchain/bin/../lib/gcc/avr/4.9.2/avr6\libgcc.a(_copy_data.o)
                0x00000126                __do_copy_data
 .init4         0x00000140       0x10 c:/program files (x86)/atmel/studio/7.0/toolchain/avr8/avr8-gnu-toolchain/bin/../lib/gcc/avr/4.9.2/avr6\libgcc.a(_clear_bss.o)
                0x00000140                __do_clear_bss
 *(.init4)
 *(.init5)
 *(.init5)
 *(.init6)
 .init6         0x00000150       0x20 c:/program files (x86)/atmel/studio/7.0/toolchain/avr8/avr8-gnu-toolchain/bin/../lib/gcc/avr/4.9.2/avr6\libgcc.a(_ctors.o)
                0x00000150                __do_global_ctors
 *(.init6)
 *(.init7)
 *(.init7)
 *(.init8)
 *(.init8)
 *(.init9)
 .init9         0x00000170        0x8 C:/Program Files (x86)/Atmel/Studio/7.0/Packs/atmel/ATmega_DFP/1.0.106/gcc/dev/atmega2560/avr6/crtatmega2560.o
 *(.init9)
 *(.text)
 .text          0x00000178        0x2 C:/Program Files (x86)/Atmel/Studio/7.0/Packs/atmel/ATmega_DFP/1.0.106/gcc/dev/atmega2560/avr6/crtatmega2560.o
                0x00000178                __vector_38
                0x00000178                __vector_22
                0x00000178                __vector_28
                0x00000178                __vector_1
                0x00000178                __vector_32
                0x00000178                __vector_34
                0x00000178                __vector_24
                0x00000178                __vector_12
                0x00000178                __vector_55
                0x00000178                __vector_46
                0x00000178                __bad_interrupt
                0x00000178                __vector_6
                0x00000178                __vector_31
                0x00000178                __vector_35
                0x00000178                __vector_39
                0x00000178                __vector_3
                0x00000178                __vector_23
                0x00000178                __vector_30
                0x00000178                __vector_45
                0x00000178                __vector_54
                0x00000178                __vector_13
                0x00000178                __vector_17
                0x00000178                __vector_19
                0x00000178                __vector_56
                0x00000178                __vector_7
                0x00000178                __vector_49
                0x00000178                __vector_41
                0x00000178                __vector_43
                0x00000178                __vector_27
                0x00000178                __vector_5
                0x00000178                __vector_33
                0x00000178                __vector_47
                0x00000178                __vector_52
                0x00000178                __vector_4
                0x00000178                __vector_44
                0x00000178                __vector_51
                0x00000178                __vector_9
                0x00000178                __vector_2
                0x00000178                __vector_15
                0x00000178                __vector_29
                0x00000178                __vector_40
                0x00000178                __vector_8
                0x00000178                __vector_48
                0x00000178                __vector_14
                0x00000178                __vector_53
                0x00000178                __vector_10
                0x00000178                __vector_50
                0x00000178                __vector_16
                0x00000178                __vector_18
                0x00000178                __vector_20
                0x00000178                __vector_42
                0x0000017a                . = ALIGN (0x2)
 *(.text.*)
 .text._Z13accelero_initv
                0x0000017a       0x44 accelero_ADXL/accelero_ADXL.o
                0x0000017a                _Z13accelero_initv
 .text._Z9get_acc_xv
                0x000001be       0x56 accelero_ADXL/accelero_ADXL.o
                0x000001be                _Z9get_acc_xv
 .text._Z9get_acc_zv
                0x00000214       0x56 accelero_ADXL/accelero_ADXL.o
                0x00000214                _Z9get_acc_zv
 .text._Z9gyro_initv
                0x0000026a       0x18 gyro_L3G/gyro_L3G.o
                0x0000026a                _Z9gyro_initv
 .text._Z11get_omega_yv
                0x00000282       0x56 gyro_L3G/gyro_L3G.o
                0x00000282                _Z11get_omega_yv
 .text._Z8i2c_initv
                0x000002d8       0x16 I2C/i2c_lib.o
                0x000002d8                _Z8i2c_initv
 .text._Z9i2c_startv
                0x000002ee        0xc I2C/i2c_lib.o
                0x000002ee                _Z9i2c_startv
 .text._Z11clear_twintv
                0x000002fa        0xc I2C/i2c_lib.o
                0x000002fa                _Z11clear_twintv
 .text._Z4waitv
                0x00000306        0xa I2C/i2c_lib.o
                0x00000306                _Z4waitv
 .text._Z8i2c_stopv
                0x00000310        0xc I2C/i2c_lib.o
                0x00000310                _Z8i2c_stopv
 .text._Z12i2c_sendbytehhh
                0x0000031c       0x80 I2C/i2c_lib.o
                0x0000031c                _Z12i2c_sendbytehhh
 .text._Z11i2c_getbytehhPa
                0x0000039c       0xbe I2C/i2c_lib.o
                0x0000039c                _Z11i2c_getbytehhPa
 .text._Z10uart1_initv
                0x0000045a       0x1c Sketch.o
                0x0000045a                _Z10uart1_initv
 .text._Z16motor_pin_configv
                0x00000476       0x2a Sketch.o
                0x00000476                _Z16motor_pin_configv
 .text._Z14encoder_configv
                0x000004a0       0x30 Sketch.o
                0x000004a0                _Z14encoder_configv
 .text._Z11timer0_initv
                0x000004d0       0x18 Sketch.o
                0x000004d0                _Z11timer0_initv
 .text._Z11timer4_initv
                0x000004e8       0x32 Sketch.o
                0x000004e8                _Z11timer4_initv
 .text._Z6stop_bv
                0x0000051a        0xc Sketch.o
                0x0000051a                _Z6stop_bv
 .text._Z17buzzer_pin_configv
                0x00000526        0x6 Sketch.o
                0x00000526                _Z17buzzer_pin_configv
 .text._Z12init_devicesv
                0x0000052c       0x2a Sketch.o
                0x0000052c                _Z12init_devicesv
 .text._Z20update_encoder_countv
                0x00000556       0xd4 Sketch.o
                0x00000556                _Z20update_encoder_countv
 .text.__vector_11
                0x0000062a       0x4e Sketch.o
                0x0000062a                __vector_11
 .text.__vector_21
                0x00000678       0x4a Sketch.o
                0x00000678                __vector_21
 .text._Z5epochv
                0x000006c2       0x18 Sketch.o
                0x000006c2                _Z5epochv
 .text._Z18tilt_angles_updatev
                0x000006da       0xbe Sketch.o
                0x000006da                _Z18tilt_angles_updatev
 .text._Z16velocity_correctiii
                0x00000798       0x8a Sketch.o
                0x00000798                _Z16velocity_correctiii
 .text._Z15constrain_valuePfff
                0x00000822       0x70 Sketch.o
                0x00000822                _Z15constrain_valuePfff
 .text._Z9pid_anglev
                0x00000892      0x2da Sketch.o
                0x00000892                _Z9pid_anglev
 .text._Z12pid_velocityv
                0x00000b6c      0x458 Sketch.o
                0x00000b6c                _Z12pid_velocityv
 .text._Z9buzzer_onv
                0x00000fc4        0x4 Sketch.o
                0x00000fc4                _Z9buzzer_onv
 .text._Z10buzzer_offv
                0x00000fc8        0x4 Sketch.o
                0x00000fc8                _Z10buzzer_offv
 .text._Z10reset_pidsv
                0x00000fcc       0xc2 Sketch.o
                0x00000fcc                _Z10reset_pidsv
 .text._Z21receive_joystick_datav
                0x0000108e      0x1dc Sketch.o
                0x0000108e                _Z21receive_joystick_datav
 .text.startup.main
                0x0000126a       0xa8 Sketch.o
                0x0000126a                main
 .text.avr-libc.fplib
                0x00001312        0xa c:/program files (x86)/atmel/studio/7.0/toolchain/avr8/avr8-gnu-toolchain/bin/../lib/gcc/avr/4.9.2/../../../../avr/lib/avr6\libm.a(addsf3.o)
                0x00001312                __subsf3
                0x00001314                __addsf3
 .text.avr-libc.fplib
                0x0000131c       0xc0 c:/program files (x86)/atmel/studio/7.0/toolchain/avr8/avr8-gnu-toolchain/bin/../lib/gcc/avr/4.9.2/../../../../avr/lib/avr6\libm.a(addsf3x.o)
                0x00001336                __addsf3x
 .text.avr-libc.fplib
                0x000013dc       0x74 c:/program files (x86)/atmel/studio/7.0/toolchain/avr8/avr8-gnu-toolchain/bin/../lib/gcc/avr/4.9.2/../../../../avr/lib/avr6\libm.a(atan2.o)
                0x000013fa                atan2
 .text.avr-libc.fplib
                0x00001450       0x50 c:/program files (x86)/atmel/studio/7.0/toolchain/avr8/avr8-gnu-toolchain/bin/../lib/gcc/avr/4.9.2/../../../../avr/lib/avr6\libm.a(atan.o)
                0x00001450                atan
 .text.avr-libc.fplib
                0x000014a0        0x8 c:/program files (x86)/atmel/studio/7.0/toolchain/avr8/avr8-gnu-toolchain/bin/../lib/gcc/avr/4.9.2/../../../../avr/lib/avr6\libm.a(cmpsf2.o)
                0x000014a0                __nesf2
                0x000014a0                __eqsf2
                0x000014a0                __cmpsf2
                0x000014a0                __ltsf2
                0x000014a0                __lesf2
 .text.avr-libc.fplib
                0x000014a8        0x4 c:/program files (x86)/atmel/studio/7.0/toolchain/avr8/avr8-gnu-toolchain/bin/../lib/gcc/avr/4.9.2/../../../../avr/lib/avr6\libm.a(divsf3.o)
                0x000014a8                __divsf3
 .text.avr-libc.fplib
                0x000014ac       0xcc c:/program files (x86)/atmel/studio/7.0/toolchain/avr8/avr8-gnu-toolchain/bin/../lib/gcc/avr/4.9.2/../../../../avr/lib/avr6\libm.a(divsf3x.o)
                0x000014c2                __divsf3x
                0x000014c6                __divsf3_pse
 .text.avr-libc.fplib
                0x00001578        0xa c:/program files (x86)/atmel/studio/7.0/toolchain/avr8/avr8-gnu-toolchain/bin/../lib/gcc/avr/4.9.2/../../../../avr/lib/avr6\libm.a(fixsfsi.o)
                0x00001578                __fixsfsi
 .text.avr-libc.fplib
                0x00001582       0x58 c:/program files (x86)/atmel/studio/7.0/toolchain/avr8/avr8-gnu-toolchain/bin/../lib/gcc/avr/4.9.2/../../../../avr/lib/avr6\libm.a(fixunssfsi.o)
                0x00001582                __fixunssfsi
 .text.avr-libc.fplib
                0x000015da       0x7a c:/program files (x86)/atmel/studio/7.0/toolchain/avr8/avr8-gnu-toolchain/bin/../lib/gcc/avr/4.9.2/../../../../avr/lib/avr6\libm.a(floatsisf.o)
                0x000015da                __floatunsisf
                0x000015de                __floatsisf
 .text.avr-libc.fplib
                0x00001654       0x48 c:/program files (x86)/atmel/studio/7.0/toolchain/avr8/avr8-gnu-toolchain/bin/../lib/gcc/avr/4.9.2/../../../../avr/lib/avr6\libm.a(fp_cmp.o)
                0x00001654                __fp_cmp
 .text.avr-libc.fplib
                0x0000169c        0xc c:/program files (x86)/atmel/studio/7.0/toolchain/avr8/avr8-gnu-toolchain/bin/../lib/gcc/avr/4.9.2/../../../../avr/lib/avr6\libm.a(fp_inf.o)
                0x0000169c                __fp_inf
 .text.avr-libc.fplib
                0x000016a8        0x6 c:/program files (x86)/atmel/studio/7.0/toolchain/avr8/avr8-gnu-toolchain/bin/../lib/gcc/avr/4.9.2/../../../../avr/lib/avr6\libm.a(fp_nan.o)
                0x000016a8                __fp_nan
 .text.avr-libc.fplib
                0x000016ae       0x4a c:/program files (x86)/atmel/studio/7.0/toolchain/avr8/avr8-gnu-toolchain/bin/../lib/gcc/avr/4.9.2/../../../../avr/lib/avr6\libm.a(fp_powser.o)
                0x000016ae                __fp_powser
 .text.avr-libc.fplib
                0x000016f8        0xe c:/program files (x86)/atmel/studio/7.0/toolchain/avr8/avr8-gnu-toolchain/bin/../lib/gcc/avr/4.9.2/../../../../avr/lib/avr6\libm.a(fp_pscA.o)
                0x000016f8                __fp_pscA
 .text.avr-libc.fplib
                0x00001706        0xe c:/program files (x86)/atmel/studio/7.0/toolchain/avr8/avr8-gnu-toolchain/bin/../lib/gcc/avr/4.9.2/../../../../avr/lib/avr6\libm.a(fp_pscB.o)
                0x00001706                __fp_pscB
 .text.avr-libc.fplib
                0x00001714       0x22 c:/program files (x86)/atmel/studio/7.0/toolchain/avr8/avr8-gnu-toolchain/bin/../lib/gcc/avr/4.9.2/../../../../avr/lib/avr6\libm.a(fp_round.o)
                0x00001714                __fp_round
 .text.avr-libc.fplib
                0x00001736       0x44 c:/program files (x86)/atmel/studio/7.0/toolchain/avr8/avr8-gnu-toolchain/bin/../lib/gcc/avr/4.9.2/../../../../avr/lib/avr6\libm.a(fp_split3.o)
                0x00001736                __fp_split3
                0x00001746                __fp_splitA
 .text.avr-libc.fplib
                0x0000177a        0xe c:/program files (x86)/atmel/studio/7.0/toolchain/avr8/avr8-gnu-toolchain/bin/../lib/gcc/avr/4.9.2/../../../../avr/lib/avr6\libm.a(fp_zero.o)
                0x0000177a                __fp_zero
                0x0000177c                __fp_szero
 .text.avr-libc.fplib
                0x00001788        0x8 c:/program files (x86)/atmel/studio/7.0/toolchain/avr8/avr8-gnu-toolchain/bin/../lib/gcc/avr/4.9.2/../../../../avr/lib/avr6\libm.a(gesf2.o)
                0x00001788                __gesf2
                0x00001788                __gtsf2
 .text.avr-libc.fplib
                0x00001790        0xe c:/program files (x86)/atmel/studio/7.0/toolchain/avr8/avr8-gnu-toolchain/bin/../lib/gcc/avr/4.9.2/../../../../avr/lib/avr6\libm.a(inverse.o)
                0x00001790                inverse
 .text.avr-libc.fplib
                0x0000179e        0x4 c:/program files (x86)/atmel/studio/7.0/toolchain/avr8/avr8-gnu-toolchain/bin/../lib/gcc/avr/4.9.2/../../../../avr/lib/avr6\libm.a(mulsf3.o)
                0x0000179e                __mulsf3
 .text.avr-libc.fplib
                0x000017a2       0xc2 c:/program files (x86)/atmel/studio/7.0/toolchain/avr8/avr8-gnu-toolchain/bin/../lib/gcc/avr/4.9.2/../../../../avr/lib/avr6\libm.a(mulsf3x.o)
                0x000017b6                __mulsf3x
                0x000017ba                __mulsf3_pse
 .text.avr-libc.fplib
                0x00001864        0x6 c:/program files (x86)/atmel/studio/7.0/toolchain/avr8/avr8-gnu-toolchain/bin/../lib/gcc/avr/4.9.2/../../../../avr/lib/avr6\libm.a(square.o)
                0x00001864                square
 .text._ZN14HardwareSerial9availableEv
                0x0000186a       0x18 C:\Users\Shaktimaan\Documents\balance_bot_control\balance_bot_control\ArduinoCore\Debug\libArduinoCore.a(HardwareSerial.o)
                0x0000186a                _ZN14HardwareSerial9availableEv
 .text._ZN14HardwareSerial4peekEv
                0x00001882       0x1c C:\Users\Shaktimaan\Documents\balance_bot_control\balance_bot_control\ArduinoCore\Debug\libArduinoCore.a(HardwareSerial.o)
                0x00001882                _ZN14HardwareSerial4peekEv
 .text._ZN14HardwareSerial4readEv
                0x0000189e       0x28 C:\Users\Shaktimaan\Documents\balance_bot_control\balance_bot_control\ArduinoCore\Debug\libArduinoCore.a(HardwareSerial.o)
                0x0000189e                _ZN14HardwareSerial4readEv
 .text._ZN14HardwareSerial17_tx_udr_empty_irqEv
                0x000018c6       0x42 C:\Users\Shaktimaan\Documents\balance_bot_control\balance_bot_control\ArduinoCore\Debug\libArduinoCore.a(HardwareSerial.o)
                0x000018c6                _ZN14HardwareSerial17_tx_udr_empty_irqEv
 .text._ZN14HardwareSerial5flushEv
                0x00001908       0x42 C:\Users\Shaktimaan\Documents\balance_bot_control\balance_bot_control\ArduinoCore\Debug\libArduinoCore.a(HardwareSerial.o)
                0x00001908                _ZN14HardwareSerial5flushEv
 .text._ZN14HardwareSerial5writeEh
                0x0000194a       0x8c C:\Users\Shaktimaan\Documents\balance_bot_control\balance_bot_control\ArduinoCore\Debug\libArduinoCore.a(HardwareSerial.o)
                0x0000194a                _ZN14HardwareSerial5writeEh
 .text._ZN14HardwareSerial5beginEmh
                0x000019d6       0xbc C:\Users\Shaktimaan\Documents\balance_bot_control\balance_bot_control\ArduinoCore\Debug\libArduinoCore.a(HardwareSerial.o)
                0x000019d6                _ZN14HardwareSerial5beginEmh
 .text.__vector_25
                0x00001a92       0x6c C:\Users\Shaktimaan\Documents\balance_bot_control\balance_bot_control\ArduinoCore\Debug\libArduinoCore.a(HardwareSerial0.o)
                0x00001a92                __vector_25
 .text.__vector_26
                0x00001afe       0x52 C:\Users\Shaktimaan\Documents\balance_bot_control\balance_bot_control\ArduinoCore\Debug\libArduinoCore.a(HardwareSerial0.o)
                0x00001afe                __vector_26
 .text.startup._GLOBAL__sub_I___vector_25
                0x00001b50       0x5a C:\Users\Shaktimaan\Documents\balance_bot_control\balance_bot_control\ArduinoCore\Debug\libArduinoCore.a(HardwareSerial0.o)
 .text.__vector_36
                0x00001baa       0x6c C:\Users\Shaktimaan\Documents\balance_bot_control\balance_bot_control\ArduinoCore\Debug\libArduinoCore.a(HardwareSerial1.o)
                0x00001baa                __vector_36
 .text.__vector_37
                0x00001c16       0x52 C:\Users\Shaktimaan\Documents\balance_bot_control\balance_bot_control\ArduinoCore\Debug\libArduinoCore.a(HardwareSerial1.o)
                0x00001c16                __vector_37
 .text.startup._GLOBAL__sub_I___vector_36
                0x00001c68       0x5a C:\Users\Shaktimaan\Documents\balance_bot_control\balance_bot_control\ArduinoCore\Debug\libArduinoCore.a(HardwareSerial1.o)
 .text._ZN5Print5writeEPKhj
                0x00001cc2       0x56 C:\Users\Shaktimaan\Documents\balance_bot_control\balance_bot_control\ArduinoCore\Debug\libArduinoCore.a(Print.o)
                0x00001cc2                _ZN5Print5writeEPKhj
 .text.libgcc.div
                0x00001d18       0x44 c:/program files (x86)/atmel/studio/7.0/toolchain/avr8/avr8-gnu-toolchain/bin/../lib/gcc/avr/4.9.2/avr6\libgcc.a(_udivmodsi4.o)
                0x00001d18                __udivmodsi4
 .text.libgcc   0x00001d5c       0x10 c:/program files (x86)/atmel/studio/7.0/toolchain/avr8/avr8-gnu-toolchain/bin/../lib/gcc/avr/4.9.2/avr6\libgcc.a(_tablejump2.o)
                0x00001d5c                __tablejump2__
                0x00001d6c                . = ALIGN (0x2)
 *(.fini9)
 .fini9         0x00001d6c        0x0 c:/program files (x86)/atmel/studio/7.0/toolchain/avr8/avr8-gnu-toolchain/bin/../lib/gcc/avr/4.9.2/avr6\libgcc.a(_exit.o)
                0x00001d6c                _exit
                0x00001d6c                exit
 *(.fini9)
 *(.fini8)
 *(.fini8)
 *(.fini7)
 *(.fini7)
 *(.fini6)
 *(.fini6)
 *(.fini5)
 *(.fini5)
 *(.fini4)
 *(.fini4)
 *(.fini3)
 *(.fini3)
 *(.fini2)
 *(.fini2)
 *(.fini1)
 *(.fini1)
 *(.fini0)
 .fini0         0x00001d6c        0x4 c:/program files (x86)/atmel/studio/7.0/toolchain/avr8/avr8-gnu-toolchain/bin/../lib/gcc/avr/4.9.2/avr6\libgcc.a(_exit.o)
 *(.fini0)
                0x00001d70                _etext = .

.data           0x00800200       0x28 load address 0x00001d70
                0x00800200                PROVIDE (__data_start, .)
 *(.data)
 *(.data*)
 .data.prbzr    0x00800200        0x1 Sketch.o
                0x00800200                prbzr
 .data.kp_velocity_control
                0x00800201        0x1 Sketch.o
                0x00800201                kp_velocity_control
 .data.ki_velocity_control
                0x00800202        0x1 Sketch.o
                0x00800202                ki_velocity_control
 .data.offset   0x00800203        0x1 Sketch.o
                0x00800203                offset
 .data.kd       0x00800204        0x1 Sketch.o
                0x00800204                kd
 .data.ki       0x00800205        0x1 Sketch.o
                0x00800205                ki
 .data.kp       0x00800206        0x1 Sketch.o
                0x00800206                kp
 *(.rodata)
 *(.rodata*)
 .rodata._ZL1a  0x00800207       0x10 Sketch.o
 .rodata._ZTV14HardwareSerial
                0x00800217       0x10 C:\Users\Shaktimaan\Documents\balance_bot_control\balance_bot_control\ArduinoCore\Debug\libArduinoCore.a(HardwareSerial.o)
                0x00800217                _ZTV14HardwareSerial
 *(.gnu.linkonce.d*)
                0x00800228                . = ALIGN (0x2)
 *fill*         0x00800227        0x1 
                0x00800228                _edata = .
                0x00800228                PROVIDE (__data_end, .)

.bss            0x00800228      0x1bf
                0x00800228                PROVIDE (__bss_start, .)
 *(.bss)
 *(.bss*)
 .bss.present_translational_velocity
                0x00800228        0x4 Sketch.o
                0x00800228                present_translational_velocity
 .bss.previous_translational_velocity
                0x0080022c        0x4 Sketch.o
                0x0080022c                previous_translational_velocity
 .bss.present_rotational_velocity
                0x00800230        0x4 Sketch.o
                0x00800230                present_rotational_velocity
 .bss.previous_rotational_velocity
                0x00800234        0x4 Sketch.o
                0x00800234                previous_rotational_velocity
 .bss.angle_offset
                0x00800238        0x4 Sketch.o
                0x00800238                angle_offset
 .bss.kd__velocity_control
                0x0080023c        0x1 Sketch.o
                0x0080023c                kd__velocity_control
 .bss.translational_velocity
                0x0080023d        0x1 Sketch.o
                0x0080023d                translational_velocity
 .bss.rotational_velocity
                0x0080023e        0x1 Sketch.o
                0x0080023e                rotational_velocity
 .bss.integral_motor2_speed_error
                0x0080023f        0x4 Sketch.o
                0x0080023f                integral_motor2_speed_error
 .bss.integral_motor1_speed_error
                0x00800243        0x4 Sketch.o
                0x00800243                integral_motor1_speed_error
 .bss.previous_motor2_speed_error
                0x00800247        0x4 Sketch.o
                0x00800247                previous_motor2_speed_error
 .bss.previous_motor1_speed_error
                0x0080024b        0x4 Sketch.o
                0x0080024b                previous_motor1_speed_error
 .bss.motor2_speed_error
                0x0080024f        0x4 Sketch.o
                0x0080024f                motor2_speed_error
 .bss.motor1_speed_error
                0x00800253        0x4 Sketch.o
                0x00800253                motor1_speed_error
 .bss.previous_motor2_speed
                0x00800257        0x4 Sketch.o
                0x00800257                previous_motor2_speed
 .bss.previous_motor1_speed
                0x0080025b        0x4 Sketch.o
                0x0080025b                previous_motor1_speed
 .bss.motor2_speed
                0x0080025f        0x4 Sketch.o
                0x0080025f                motor2_speed
 .bss.motor1_speed
                0x00800263        0x4 Sketch.o
                0x00800263                motor1_speed
 .bss.previous_count2
                0x00800267        0x4 Sketch.o
                0x00800267                previous_count2
 .bss.count2    0x0080026b        0x4 Sketch.o
                0x0080026b                count2
 .bss.previous_count1
                0x0080026f        0x4 Sketch.o
                0x0080026f                previous_count1
 .bss.count1    0x00800273        0x4 Sketch.o
                0x00800273                count1
 .bss.set_angle2
                0x00800277        0x4 Sketch.o
                0x00800277                set_angle2
 .bss.set_angle1
                0x0080027b        0x4 Sketch.o
                0x0080027b                set_angle1
 .bss.previous_tilt_angle
                0x0080027f        0x4 Sketch.o
                0x0080027f                previous_tilt_angle
 .bss.previous_tilt_angle_error2
                0x00800283        0x4 Sketch.o
                0x00800283                previous_tilt_angle_error2
 .bss.previous_tilt_angle_error1
                0x00800287        0x4 Sketch.o
                0x00800287                previous_tilt_angle_error1
 .bss.derivative_tilt_angle_error2
                0x0080028b        0x4 Sketch.o
                0x0080028b                derivative_tilt_angle_error2
 .bss.derivative_tilt_angle_error1
                0x0080028f        0x4 Sketch.o
                0x0080028f                derivative_tilt_angle_error1
 .bss.integral_tilt_angle2_error
                0x00800293        0x4 Sketch.o
                0x00800293                integral_tilt_angle2_error
 .bss.integral_tilt_angle1_error
                0x00800297        0x4 Sketch.o
                0x00800297                integral_tilt_angle1_error
 .bss.tilt_angle_error2
                0x0080029b        0x4 Sketch.o
                0x0080029b                tilt_angle_error2
 .bss.tilt_angle_error1
                0x0080029f        0x4 Sketch.o
                0x0080029f                tilt_angle_error1
 .bss.tilt_angle
                0x008002a3        0x4 Sketch.o
                0x008002a3                tilt_angle
 .bss.state2    0x008002a7        0x1 Sketch.o
                0x008002a7                state2
 .bss.state1    0x008002a8        0x1 Sketch.o
                0x008002a8                state1
 .bss.elapsed_time
                0x008002a9        0x4 Sketch.o
                0x008002a9                elapsed_time
 .bss.Serial    0x008002ad       0x9d C:\Users\Shaktimaan\Documents\balance_bot_control\balance_bot_control\ArduinoCore\Debug\libArduinoCore.a(HardwareSerial0.o)
                0x008002ad                Serial
 .bss.Serial1   0x0080034a       0x9d C:\Users\Shaktimaan\Documents\balance_bot_control\balance_bot_control\ArduinoCore\Debug\libArduinoCore.a(HardwareSerial1.o)
                0x0080034a                Serial1
 *(COMMON)
                0x008003e7                PROVIDE (__bss_end, .)
                0x00001d70                __data_load_start = LOADADDR (.data)
                0x00001d98                __data_load_end = (__data_load_start + SIZEOF (.data))

.noinit         0x008003e7        0x0
                [!provide]                PROVIDE (__noinit_start, .)
 *(.noinit*)
                [!provide]                PROVIDE (__noinit_end, .)
                0x008003e7                _end = .
                [!provide]                PROVIDE (__heap_start, .)

.eeprom         0x00810000        0x0
 *(.eeprom*)
                0x00810000                __eeprom_end = .

.fuse
 *(.fuse)
 *(.lfuse)
 *(.hfuse)
 *(.efuse)

.lock
 *(.lock*)

.signature
 *(.signature*)

.user_signatures
 *(.user_signatures*)

.stab
 *(.stab)

.stabstr
 *(.stabstr)

.stab.excl
 *(.stab.excl)

.stab.exclstr
 *(.stab.exclstr)

.stab.index
 *(.stab.index)

.stab.indexstr
 *(.stab.indexstr)

.comment        0x00000000       0x60
 *(.comment)
 .comment       0x00000000       0x30 accelero_ADXL/accelero_ADXL.o
                                 0x31 (size before relaxing)
 .comment       0x00000030       0x31 gyro_L3G/gyro_L3G.o
 .comment       0x00000030       0x31 I2C/i2c_lib.o
 .comment       0x00000030       0x31 Sketch.o
 .comment       0x00000030       0x30 C:\Users\Shaktimaan\Documents\balance_bot_control\balance_bot_control\ArduinoCore\Debug\libArduinoCore.a(HardwareSerial.o)
                                 0x31 (size before relaxing)
 .comment       0x00000060       0x31 C:\Users\Shaktimaan\Documents\balance_bot_control\balance_bot_control\ArduinoCore\Debug\libArduinoCore.a(HardwareSerial0.o)
 .comment       0x00000060       0x31 C:\Users\Shaktimaan\Documents\balance_bot_control\balance_bot_control\ArduinoCore\Debug\libArduinoCore.a(HardwareSerial1.o)
 .comment       0x00000060       0x31 C:\Users\Shaktimaan\Documents\balance_bot_control\balance_bot_control\ArduinoCore\Debug\libArduinoCore.a(Print.o)

.note.gnu.avr.deviceinfo
                0x00000000       0x40
 .note.gnu.avr.deviceinfo
                0x00000000       0x40 C:/Program Files (x86)/Atmel/Studio/7.0/Packs/atmel/ATmega_DFP/1.0.106/gcc/dev/atmega2560/avr6/crtatmega2560.o

.note.gnu.build-id
 *(.note.gnu.build-id)

.debug
 *(.debug)

.line
 *(.line)

.debug_srcinfo
 *(.debug_srcinfo)

.debug_sfnames
 *(.debug_sfnames)

.debug_aranges  0x00000000      0x3a8
 *(.debug_aranges)
 .debug_aranges
                0x00000000       0x40 accelero_ADXL/accelero_ADXL.o
 .debug_aranges
                0x00000040       0x40 gyro_L3G/gyro_L3G.o
 .debug_aranges
                0x00000080       0x70 I2C/i2c_lib.o
 .debug_aranges
                0x000000f0       0xf0 Sketch.o
 .debug_aranges
                0x000001e0       0x68 C:\Users\Shaktimaan\Documents\balance_bot_control\balance_bot_control\ArduinoCore\Debug\libArduinoCore.a(HardwareSerial.o)
 .debug_aranges
                0x00000248       0x38 C:\Users\Shaktimaan\Documents\balance_bot_control\balance_bot_control\ArduinoCore\Debug\libArduinoCore.a(HardwareSerial0.o)
 .debug_aranges
                0x00000280       0x38 C:\Users\Shaktimaan\Documents\balance_bot_control\balance_bot_control\ArduinoCore\Debug\libArduinoCore.a(HardwareSerial1.o)
 .debug_aranges
                0x000002b8       0xf0 C:\Users\Shaktimaan\Documents\balance_bot_control\balance_bot_control\ArduinoCore\Debug\libArduinoCore.a(Print.o)

.debug_pubnames
 *(.debug_pubnames)

.debug_info     0x00000000     0x9fd1
 *(.debug_info .gnu.linkonce.wi.*)
 .debug_info    0x00000000      0x57b accelero_ADXL/accelero_ADXL.o
 .debug_info    0x0000057b      0x4c7 gyro_L3G/gyro_L3G.o
 .debug_info    0x00000a42      0x853 I2C/i2c_lib.o
 .debug_info    0x00001295     0x1054 Sketch.o
 .debug_info    0x000022e9     0x1ebf C:\Users\Shaktimaan\Documents\balance_bot_control\balance_bot_control\ArduinoCore\Debug\libArduinoCore.a(HardwareSerial.o)
 .debug_info    0x000041a8     0x1a28 C:\Users\Shaktimaan\Documents\balance_bot_control\balance_bot_control\ArduinoCore\Debug\libArduinoCore.a(HardwareSerial0.o)
 .debug_info    0x00005bd0     0x1a28 C:\Users\Shaktimaan\Documents\balance_bot_control\balance_bot_control\ArduinoCore\Debug\libArduinoCore.a(HardwareSerial1.o)
 .debug_info    0x000075f8     0x29d9 C:\Users\Shaktimaan\Documents\balance_bot_control\balance_bot_control\ArduinoCore\Debug\libArduinoCore.a(Print.o)

.debug_abbrev   0x00000000     0x197e
 *(.debug_abbrev)
 .debug_abbrev  0x00000000      0x1b8 accelero_ADXL/accelero_ADXL.o
 .debug_abbrev  0x000001b8      0x1b8 gyro_L3G/gyro_L3G.o
 .debug_abbrev  0x00000370      0x179 I2C/i2c_lib.o
 .debug_abbrev  0x000004e9      0x434 Sketch.o
 .debug_abbrev  0x0000091d      0x478 C:\Users\Shaktimaan\Documents\balance_bot_control\balance_bot_control\ArduinoCore\Debug\libArduinoCore.a(HardwareSerial.o)
 .debug_abbrev  0x00000d95      0x3b1 C:\Users\Shaktimaan\Documents\balance_bot_control\balance_bot_control\ArduinoCore\Debug\libArduinoCore.a(HardwareSerial0.o)
 .debug_abbrev  0x00001146      0x3b1 C:\Users\Shaktimaan\Documents\balance_bot_control\balance_bot_control\ArduinoCore\Debug\libArduinoCore.a(HardwareSerial1.o)
 .debug_abbrev  0x000014f7      0x487 C:\Users\Shaktimaan\Documents\balance_bot_control\balance_bot_control\ArduinoCore\Debug\libArduinoCore.a(Print.o)

.debug_line     0x00000000     0x20b8
 *(.debug_line .debug_line.* .debug_line_end)
 .debug_line    0x00000000      0x219 accelero_ADXL/accelero_ADXL.o
 .debug_line    0x00000219      0x1e5 gyro_L3G/gyro_L3G.o
 .debug_line    0x000003fe      0x43d I2C/i2c_lib.o
 .debug_line    0x0000083b      0x922 Sketch.o
 .debug_line    0x0000115d      0x47b C:\Users\Shaktimaan\Documents\balance_bot_control\balance_bot_control\ArduinoCore\Debug\libArduinoCore.a(HardwareSerial.o)
 .debug_line    0x000015d8      0x253 C:\Users\Shaktimaan\Documents\balance_bot_control\balance_bot_control\ArduinoCore\Debug\libArduinoCore.a(HardwareSerial0.o)
 .debug_line    0x0000182b      0x253 C:\Users\Shaktimaan\Documents\balance_bot_control\balance_bot_control\ArduinoCore\Debug\libArduinoCore.a(HardwareSerial1.o)
 .debug_line    0x00001a7e      0x63a C:\Users\Shaktimaan\Documents\balance_bot_control\balance_bot_control\ArduinoCore\Debug\libArduinoCore.a(Print.o)

.debug_frame    0x00000000      0xc5c
 *(.debug_frame)
 .debug_frame   0x00000000       0xc4 accelero_ADXL/accelero_ADXL.o
 .debug_frame   0x000000c4       0xc4 gyro_L3G/gyro_L3G.o
 .debug_frame   0x00000188      0x11c I2C/i2c_lib.o
 .debug_frame   0x000002a4      0x38c Sketch.o
 .debug_frame   0x00000630      0x110 C:\Users\Shaktimaan\Documents\balance_bot_control\balance_bot_control\ArduinoCore\Debug\libArduinoCore.a(HardwareSerial.o)
 .debug_frame   0x00000740       0xc0 C:\Users\Shaktimaan\Documents\balance_bot_control\balance_bot_control\ArduinoCore\Debug\libArduinoCore.a(HardwareSerial0.o)
 .debug_frame   0x00000800       0xc0 C:\Users\Shaktimaan\Documents\balance_bot_control\balance_bot_control\ArduinoCore\Debug\libArduinoCore.a(HardwareSerial1.o)
 .debug_frame   0x000008c0      0x39c C:\Users\Shaktimaan\Documents\balance_bot_control\balance_bot_control\ArduinoCore\Debug\libArduinoCore.a(Print.o)

.debug_str      0x00000000     0x222f
 *(.debug_str)
 .debug_str     0x00000000      0x3ab accelero_ADXL/accelero_ADXL.o
                                0x407 (size before relaxing)
 .debug_str     0x000003ab       0xb8 gyro_L3G/gyro_L3G.o
                                0x40f (size before relaxing)
 .debug_str     0x00000463       0xe0 I2C/i2c_lib.o
                                0x3ba (size before relaxing)
 .debug_str     0x00000543      0x763 Sketch.o
                                0xb09 (size before relaxing)
 .debug_str     0x00000ca6     0x109d C:\Users\Shaktimaan\Documents\balance_bot_control\balance_bot_control\ArduinoCore\Debug\libArduinoCore.a(HardwareSerial.o)
                               0x13d7 (size before relaxing)
 .debug_str     0x00001d43       0xe3 C:\Users\Shaktimaan\Documents\balance_bot_control\balance_bot_control\ArduinoCore\Debug\libArduinoCore.a(HardwareSerial0.o)
                               0x10f4 (size before relaxing)
 .debug_str     0x00001e26       0x47 C:\Users\Shaktimaan\Documents\balance_bot_control\balance_bot_control\ArduinoCore\Debug\libArduinoCore.a(HardwareSerial1.o)
                               0x1100 (size before relaxing)
 .debug_str     0x00001e6d      0x3c2 C:\Users\Shaktimaan\Documents\balance_bot_control\balance_bot_control\ArduinoCore\Debug\libArduinoCore.a(Print.o)
                                0xf7f (size before relaxing)

.debug_loc      0x00000000     0x3c3f
 *(.debug_loc)
 .debug_loc     0x00000000      0x212 accelero_ADXL/accelero_ADXL.o
 .debug_loc     0x00000212      0x212 gyro_L3G/gyro_L3G.o
 .debug_loc     0x00000424      0x819 I2C/i2c_lib.o
 .debug_loc     0x00000c3d      0xa1a Sketch.o
 .debug_loc     0x00001657      0x431 C:\Users\Shaktimaan\Documents\balance_bot_control\balance_bot_control\ArduinoCore\Debug\libArduinoCore.a(HardwareSerial.o)
 .debug_loc     0x00001a88      0x161 C:\Users\Shaktimaan\Documents\balance_bot_control\balance_bot_control\ArduinoCore\Debug\libArduinoCore.a(HardwareSerial0.o)
 .debug_loc     0x00001be9      0x161 C:\Users\Shaktimaan\Documents\balance_bot_control\balance_bot_control\ArduinoCore\Debug\libArduinoCore.a(HardwareSerial1.o)
 .debug_loc     0x00001d4a     0x1ef5 C:\Users\Shaktimaan\Documents\balance_bot_control\balance_bot_control\ArduinoCore\Debug\libArduinoCore.a(Print.o)

.debug_macinfo
 *(.debug_macinfo)

.debug_weaknames
 *(.debug_weaknames)

.debug_funcnames
 *(.debug_funcnames)

.debug_typenames
 *(.debug_typenames)

.debug_varnames
 *(.debug_varnames)

.debug_pubtypes
 *(.debug_pubtypes)

.debug_ranges   0x00000000      0x3b8
 *(.debug_ranges)
 .debug_ranges  0x00000000       0x30 accelero_ADXL/accelero_ADXL.o
 .debug_ranges  0x00000030       0x30 gyro_L3G/gyro_L3G.o
 .debug_ranges  0x00000060       0x60 I2C/i2c_lib.o
 .debug_ranges  0x000000c0      0x110 Sketch.o
 .debug_ranges  0x000001d0       0x70 C:\Users\Shaktimaan\Documents\balance_bot_control\balance_bot_control\ArduinoCore\Debug\libArduinoCore.a(HardwareSerial.o)
 .debug_ranges  0x00000240       0x28 C:\Users\Shaktimaan\Documents\balance_bot_control\balance_bot_control\ArduinoCore\Debug\libArduinoCore.a(HardwareSerial0.o)
 .debug_ranges  0x00000268       0x28 C:\Users\Shaktimaan\Documents\balance_bot_control\balance_bot_control\ArduinoCore\Debug\libArduinoCore.a(HardwareSerial1.o)
 .debug_ranges  0x00000290      0x128 C:\Users\Shaktimaan\Documents\balance_bot_control\balance_bot_control\ArduinoCore\Debug\libArduinoCore.a(Print.o)

.debug_macro
 *(.debug_macro)
OUTPUT(balance_bot_start.elf elf32-avr)
LOAD linker stubs
